2025-08-14 15:28:22,232 ERROR SentenceTransformerEmbeddings init failed: Your currently installed version of Keras is Keras 3, but this is not yet supported in Transformers. Please install the backwards-compatible tf-keras package with `pip install tf-keras`.
Traceback (most recent call last):
  File "C:\Users\Admin\AppData\Local\Programs\Python\Python310\lib\site-packages\transformers\activations_tf.py", line 22, in <module>
    import tf_keras as keras
ModuleNotFoundError: No module named 'tf_keras'

During handling of the above exception, another exception occurred:

Traceback (most recent call last):
  File "c:\Users\Admin\Documents\chatbot\app.py", line 85, in load_vectorstore
    emb = SentenceTransformerEmbeddings(model_name="all-MiniLM-L6-v2")
  File "C:\Users\Admin\AppData\Local\Programs\Python\Python310\lib\site-packages\langchain_core\_api\deprecation.py", line 224, in warn_if_direct_instance
    return wrapped(self, *args, **kwargs)
  File "C:\Users\Admin\AppData\Local\Programs\Python\Python310\lib\site-packages\langchain_community\embeddings\huggingface.py", line 84, in __init__
    import sentence_transformers
  File "C:\Users\Admin\AppData\Local\Programs\Python\Python310\lib\site-packages\sentence_transformers\__init__.py", line 14, in <module>
    from sentence_transformers.cross_encoder import (
  File "C:\Users\Admin\AppData\Local\Programs\Python\Python310\lib\site-packages\sentence_transformers\cross_encoder\__init__.py", line 3, in <module>
    from .CrossEncoder import CrossEncoder
  File "C:\Users\Admin\AppData\Local\Programs\Python\Python310\lib\site-packages\sentence_transformers\cross_encoder\CrossEncoder.py", line 31, in <module>
    from sentence_transformers.cross_encoder.fit_mixin import FitMixin
  File "C:\Users\Admin\AppData\Local\Programs\Python\Python310\lib\site-packages\sentence_transformers\cross_encoder\fit_mixin.py", line 19, in <module>
    from sentence_transformers.datasets.NoDuplicatesDataLoader import NoDuplicatesDataLoader
  File "C:\Users\Admin\AppData\Local\Programs\Python\Python310\lib\site-packages\sentence_transformers\datasets\__init__.py", line 13, in <module>
    from .ParallelSentencesDataset import ParallelSentencesDataset
  File "C:\Users\Admin\AppData\Local\Programs\Python\Python310\lib\site-packages\sentence_transformers\datasets\ParallelSentencesDataset.py", line 19, in <module>
    from sentence_transformers import SentenceTransformer
  File "C:\Users\Admin\AppData\Local\Programs\Python\Python310\lib\site-packages\sentence_transformers\SentenceTransformer.py", line 34, in <module>
    from sentence_transformers.model_card import SentenceTransformerModelCardData, generate_model_card
  File "C:\Users\Admin\AppData\Local\Programs\Python\Python310\lib\site-packages\sentence_transformers\model_card.py", line 25, in <module>
    from transformers.integrations import CodeCarbonCallback
  File "<frozen importlib._bootstrap>", line 1075, in _handle_fromlist
  File "C:\Users\Admin\AppData\Local\Programs\Python\Python310\lib\site-packages\transformers\utils\import_utils.py", line 2045, in __getattr__
    module = self._get_module(self._class_to_module[name])
  File "C:\Users\Admin\AppData\Local\Programs\Python\Python310\lib\site-packages\transformers\utils\import_utils.py", line 2075, in _get_module
    raise e
  File "C:\Users\Admin\AppData\Local\Programs\Python\Python310\lib\site-packages\transformers\utils\import_utils.py", line 2073, in _get_module
    return importlib.import_module("." + module_name, self.__name__)
  File "C:\Users\Admin\AppData\Local\Programs\Python\Python310\lib\importlib\__init__.py", line 126, in import_module
    return _bootstrap._gcd_import(name[level:], package, level)
  File "C:\Users\Admin\AppData\Local\Programs\Python\Python310\lib\site-packages\transformers\integrations\integration_utils.py", line 37, in <module>
    from .. import PreTrainedModel, TFPreTrainedModel, TrainingArguments
  File "<frozen importlib._bootstrap>", line 1075, in _handle_fromlist
  File "C:\Users\Admin\AppData\Local\Programs\Python\Python310\lib\site-packages\transformers\utils\import_utils.py", line 2045, in __getattr__
    module = self._get_module(self._class_to_module[name])
  File "C:\Users\Admin\AppData\Local\Programs\Python\Python310\lib\site-packages\transformers\utils\import_utils.py", line 2075, in _get_module
    raise e
  File "C:\Users\Admin\AppData\Local\Programs\Python\Python310\lib\site-packages\transformers\utils\import_utils.py", line 2073, in _get_module
    return importlib.import_module("." + module_name, self.__name__)
  File "C:\Users\Admin\AppData\Local\Programs\Python\Python310\lib\importlib\__init__.py", line 126, in import_module
    return _bootstrap._gcd_import(name[level:], package, level)
  File "C:\Users\Admin\AppData\Local\Programs\Python\Python310\lib\site-packages\transformers\modeling_tf_utils.py", line 38, in <module>
    from .activations_tf import get_tf_activation
  File "C:\Users\Admin\AppData\Local\Programs\Python\Python310\lib\site-packages\transformers\activations_tf.py", line 27, in <module>
    raise ValueError(
ValueError: Your currently installed version of Keras is Keras 3, but this is not yet supported in Transformers. Please install the backwards-compatible tf-keras package with `pip install tf-keras`.
2025-08-14 15:28:22,327 WARNING No embeddings available. RAG is disabled.
2025-08-14 15:28:22,377 INFO [31m[1mWARNING: This is a development server. Do not use it in a production deployment. Use a production WSGI server instead.[0m
 * Running on all addresses (0.0.0.0)
 * Running on http://127.0.0.1:8000
 * Running on http://192.168.54.54:8000
2025-08-14 15:28:22,377 INFO [33mPress CTRL+C to quit[0m
2025-08-14 15:28:22,406 INFO  * Restarting with watchdog (windowsapi)
2025-08-14 15:28:36,947 ERROR SentenceTransformerEmbeddings init failed: Your currently installed version of Keras is Keras 3, but this is not yet supported in Transformers. Please install the backwards-compatible tf-keras package with `pip install tf-keras`.
Traceback (most recent call last):
  File "C:\Users\Admin\AppData\Local\Programs\Python\Python310\lib\site-packages\transformers\activations_tf.py", line 22, in <module>
    import tf_keras as keras
ModuleNotFoundError: No module named 'tf_keras'

During handling of the above exception, another exception occurred:

Traceback (most recent call last):
  File "c:\Users\Admin\Documents\chatbot\app.py", line 85, in load_vectorstore
    emb = SentenceTransformerEmbeddings(model_name="all-MiniLM-L6-v2")
  File "C:\Users\Admin\AppData\Local\Programs\Python\Python310\lib\site-packages\langchain_core\_api\deprecation.py", line 224, in warn_if_direct_instance
    return wrapped(self, *args, **kwargs)
  File "C:\Users\Admin\AppData\Local\Programs\Python\Python310\lib\site-packages\langchain_community\embeddings\huggingface.py", line 84, in __init__
    import sentence_transformers
  File "C:\Users\Admin\AppData\Local\Programs\Python\Python310\lib\site-packages\sentence_transformers\__init__.py", line 14, in <module>
    from sentence_transformers.cross_encoder import (
  File "C:\Users\Admin\AppData\Local\Programs\Python\Python310\lib\site-packages\sentence_transformers\cross_encoder\__init__.py", line 3, in <module>
    from .CrossEncoder import CrossEncoder
  File "C:\Users\Admin\AppData\Local\Programs\Python\Python310\lib\site-packages\sentence_transformers\cross_encoder\CrossEncoder.py", line 31, in <module>
    from sentence_transformers.cross_encoder.fit_mixin import FitMixin
  File "C:\Users\Admin\AppData\Local\Programs\Python\Python310\lib\site-packages\sentence_transformers\cross_encoder\fit_mixin.py", line 19, in <module>
    from sentence_transformers.datasets.NoDuplicatesDataLoader import NoDuplicatesDataLoader
  File "C:\Users\Admin\AppData\Local\Programs\Python\Python310\lib\site-packages\sentence_transformers\datasets\__init__.py", line 13, in <module>
    from .ParallelSentencesDataset import ParallelSentencesDataset
  File "C:\Users\Admin\AppData\Local\Programs\Python\Python310\lib\site-packages\sentence_transformers\datasets\ParallelSentencesDataset.py", line 19, in <module>
    from sentence_transformers import SentenceTransformer
  File "C:\Users\Admin\AppData\Local\Programs\Python\Python310\lib\site-packages\sentence_transformers\SentenceTransformer.py", line 34, in <module>
    from sentence_transformers.model_card import SentenceTransformerModelCardData, generate_model_card
  File "C:\Users\Admin\AppData\Local\Programs\Python\Python310\lib\site-packages\sentence_transformers\model_card.py", line 25, in <module>
    from transformers.integrations import CodeCarbonCallback
  File "<frozen importlib._bootstrap>", line 1075, in _handle_fromlist
  File "C:\Users\Admin\AppData\Local\Programs\Python\Python310\lib\site-packages\transformers\utils\import_utils.py", line 2045, in __getattr__
    module = self._get_module(self._class_to_module[name])
  File "C:\Users\Admin\AppData\Local\Programs\Python\Python310\lib\site-packages\transformers\utils\import_utils.py", line 2075, in _get_module
    raise e
  File "C:\Users\Admin\AppData\Local\Programs\Python\Python310\lib\site-packages\transformers\utils\import_utils.py", line 2073, in _get_module
    return importlib.import_module("." + module_name, self.__name__)
  File "C:\Users\Admin\AppData\Local\Programs\Python\Python310\lib\importlib\__init__.py", line 126, in import_module
    return _bootstrap._gcd_import(name[level:], package, level)
  File "C:\Users\Admin\AppData\Local\Programs\Python\Python310\lib\site-packages\transformers\integrations\integration_utils.py", line 37, in <module>
    from .. import PreTrainedModel, TFPreTrainedModel, TrainingArguments
  File "<frozen importlib._bootstrap>", line 1075, in _handle_fromlist
  File "C:\Users\Admin\AppData\Local\Programs\Python\Python310\lib\site-packages\transformers\utils\import_utils.py", line 2045, in __getattr__
    module = self._get_module(self._class_to_module[name])
  File "C:\Users\Admin\AppData\Local\Programs\Python\Python310\lib\site-packages\transformers\utils\import_utils.py", line 2075, in _get_module
    raise e
  File "C:\Users\Admin\AppData\Local\Programs\Python\Python310\lib\site-packages\transformers\utils\import_utils.py", line 2073, in _get_module
    return importlib.import_module("." + module_name, self.__name__)
  File "C:\Users\Admin\AppData\Local\Programs\Python\Python310\lib\importlib\__init__.py", line 126, in import_module
    return _bootstrap._gcd_import(name[level:], package, level)
  File "C:\Users\Admin\AppData\Local\Programs\Python\Python310\lib\site-packages\transformers\modeling_tf_utils.py", line 38, in <module>
    from .activations_tf import get_tf_activation
  File "C:\Users\Admin\AppData\Local\Programs\Python\Python310\lib\site-packages\transformers\activations_tf.py", line 27, in <module>
    raise ValueError(
ValueError: Your currently installed version of Keras is Keras 3, but this is not yet supported in Transformers. Please install the backwards-compatible tf-keras package with `pip install tf-keras`.
2025-08-14 15:28:36,957 WARNING No embeddings available. RAG is disabled.
2025-08-14 15:28:36,978 WARNING  * Debugger is active!
2025-08-14 15:28:36,983 INFO  * Debugger PIN: 119-569-894
2025-08-14 15:32:13,900 INFO 127.0.0.1 - - [14/Aug/2025 15:32:13] "[33mGET / HTTP/1.1[0m" 404 -
2025-08-14 15:32:14,574 INFO 127.0.0.1 - - [14/Aug/2025 15:32:14] "[33mGET /favicon.ico HTTP/1.1[0m" 404 -
2025-08-14 15:32:39,504 INFO  * Detected change in 'C:\\Users\\Admin\\AppData\\Local\\Programs\\Python\\Python310\\Lib\\json\\__init__.py', reloading
2025-08-14 15:32:42,373 INFO  * Restarting with watchdog (windowsapi)
2025-08-14 15:33:25,462 ERROR SentenceTransformerEmbeddings init failed: Your currently installed version of Keras is Keras 3, but this is not yet supported in Transformers. Please install the backwards-compatible tf-keras package with `pip install tf-keras`.
Traceback (most recent call last):
  File "C:\Users\Admin\AppData\Local\Programs\Python\Python310\lib\site-packages\transformers\activations_tf.py", line 22, in <module>
    import tf_keras as keras
ModuleNotFoundError: No module named 'tf_keras'

During handling of the above exception, another exception occurred:

Traceback (most recent call last):
  File "c:\Users\Admin\Documents\chatbot\app.py", line 85, in load_vectorstore
    emb = SentenceTransformerEmbeddings(model_name="all-MiniLM-L6-v2")
  File "C:\Users\Admin\AppData\Local\Programs\Python\Python310\lib\site-packages\langchain_core\_api\deprecation.py", line 224, in warn_if_direct_instance
    return wrapped(self, *args, **kwargs)
  File "C:\Users\Admin\AppData\Local\Programs\Python\Python310\lib\site-packages\langchain_community\embeddings\huggingface.py", line 84, in __init__
    import sentence_transformers
  File "C:\Users\Admin\AppData\Local\Programs\Python\Python310\lib\site-packages\sentence_transformers\__init__.py", line 14, in <module>
    from sentence_transformers.cross_encoder import (
  File "C:\Users\Admin\AppData\Local\Programs\Python\Python310\lib\site-packages\sentence_transformers\cross_encoder\__init__.py", line 3, in <module>
    from .CrossEncoder import CrossEncoder
  File "C:\Users\Admin\AppData\Local\Programs\Python\Python310\lib\site-packages\sentence_transformers\cross_encoder\CrossEncoder.py", line 31, in <module>
    from sentence_transformers.cross_encoder.fit_mixin import FitMixin
  File "C:\Users\Admin\AppData\Local\Programs\Python\Python310\lib\site-packages\sentence_transformers\cross_encoder\fit_mixin.py", line 19, in <module>
    from sentence_transformers.datasets.NoDuplicatesDataLoader import NoDuplicatesDataLoader
  File "C:\Users\Admin\AppData\Local\Programs\Python\Python310\lib\site-packages\sentence_transformers\datasets\__init__.py", line 13, in <module>
    from .ParallelSentencesDataset import ParallelSentencesDataset
  File "C:\Users\Admin\AppData\Local\Programs\Python\Python310\lib\site-packages\sentence_transformers\datasets\ParallelSentencesDataset.py", line 19, in <module>
    from sentence_transformers import SentenceTransformer
  File "C:\Users\Admin\AppData\Local\Programs\Python\Python310\lib\site-packages\sentence_transformers\SentenceTransformer.py", line 34, in <module>
    from sentence_transformers.model_card import SentenceTransformerModelCardData, generate_model_card
  File "C:\Users\Admin\AppData\Local\Programs\Python\Python310\lib\site-packages\sentence_transformers\model_card.py", line 25, in <module>
    from transformers.integrations import CodeCarbonCallback
  File "<frozen importlib._bootstrap>", line 1075, in _handle_fromlist
  File "C:\Users\Admin\AppData\Local\Programs\Python\Python310\lib\site-packages\transformers\utils\import_utils.py", line 2045, in __getattr__
    module = self._get_module(self._class_to_module[name])
  File "C:\Users\Admin\AppData\Local\Programs\Python\Python310\lib\site-packages\transformers\utils\import_utils.py", line 2075, in _get_module
    raise e
  File "C:\Users\Admin\AppData\Local\Programs\Python\Python310\lib\site-packages\transformers\utils\import_utils.py", line 2073, in _get_module
    return importlib.import_module("." + module_name, self.__name__)
  File "C:\Users\Admin\AppData\Local\Programs\Python\Python310\lib\importlib\__init__.py", line 126, in import_module
    return _bootstrap._gcd_import(name[level:], package, level)
  File "C:\Users\Admin\AppData\Local\Programs\Python\Python310\lib\site-packages\transformers\integrations\integration_utils.py", line 37, in <module>
    from .. import PreTrainedModel, TFPreTrainedModel, TrainingArguments
  File "<frozen importlib._bootstrap>", line 1075, in _handle_fromlist
  File "C:\Users\Admin\AppData\Local\Programs\Python\Python310\lib\site-packages\transformers\utils\import_utils.py", line 2045, in __getattr__
    module = self._get_module(self._class_to_module[name])
  File "C:\Users\Admin\AppData\Local\Programs\Python\Python310\lib\site-packages\transformers\utils\import_utils.py", line 2075, in _get_module
    raise e
  File "C:\Users\Admin\AppData\Local\Programs\Python\Python310\lib\site-packages\transformers\utils\import_utils.py", line 2073, in _get_module
    return importlib.import_module("." + module_name, self.__name__)
  File "C:\Users\Admin\AppData\Local\Programs\Python\Python310\lib\importlib\__init__.py", line 126, in import_module
    return _bootstrap._gcd_import(name[level:], package, level)
  File "C:\Users\Admin\AppData\Local\Programs\Python\Python310\lib\site-packages\transformers\modeling_tf_utils.py", line 38, in <module>
    from .activations_tf import get_tf_activation
  File "C:\Users\Admin\AppData\Local\Programs\Python\Python310\lib\site-packages\transformers\activations_tf.py", line 27, in <module>
    raise ValueError(
ValueError: Your currently installed version of Keras is Keras 3, but this is not yet supported in Transformers. Please install the backwards-compatible tf-keras package with `pip install tf-keras`.
2025-08-14 15:33:25,479 WARNING No embeddings available. RAG is disabled.
2025-08-14 15:33:25,531 INFO [31m[1mWARNING: This is a development server. Do not use it in a production deployment. Use a production WSGI server instead.[0m
 * Running on all addresses (0.0.0.0)
 * Running on http://127.0.0.1:8000
 * Running on http://192.168.54.54:8000
2025-08-14 15:33:25,532 INFO [33mPress CTRL+C to quit[0m
2025-08-14 15:33:25,562 INFO  * Restarting with watchdog (windowsapi)
2025-08-14 15:33:46,708 ERROR SentenceTransformerEmbeddings init failed: Your currently installed version of Keras is Keras 3, but this is not yet supported in Transformers. Please install the backwards-compatible tf-keras package with `pip install tf-keras`.
Traceback (most recent call last):
  File "C:\Users\Admin\AppData\Local\Programs\Python\Python310\lib\site-packages\transformers\activations_tf.py", line 22, in <module>
    import tf_keras as keras
ModuleNotFoundError: No module named 'tf_keras'

During handling of the above exception, another exception occurred:

Traceback (most recent call last):
  File "c:\Users\Admin\Documents\chatbot\app.py", line 85, in load_vectorstore
    emb = SentenceTransformerEmbeddings(model_name="all-MiniLM-L6-v2")
  File "C:\Users\Admin\AppData\Local\Programs\Python\Python310\lib\site-packages\langchain_core\_api\deprecation.py", line 224, in warn_if_direct_instance
    return wrapped(self, *args, **kwargs)
  File "C:\Users\Admin\AppData\Local\Programs\Python\Python310\lib\site-packages\langchain_community\embeddings\huggingface.py", line 84, in __init__
    import sentence_transformers
  File "C:\Users\Admin\AppData\Local\Programs\Python\Python310\lib\site-packages\sentence_transformers\__init__.py", line 14, in <module>
    from sentence_transformers.cross_encoder import (
  File "C:\Users\Admin\AppData\Local\Programs\Python\Python310\lib\site-packages\sentence_transformers\cross_encoder\__init__.py", line 3, in <module>
    from .CrossEncoder import CrossEncoder
  File "C:\Users\Admin\AppData\Local\Programs\Python\Python310\lib\site-packages\sentence_transformers\cross_encoder\CrossEncoder.py", line 31, in <module>
    from sentence_transformers.cross_encoder.fit_mixin import FitMixin
  File "C:\Users\Admin\AppData\Local\Programs\Python\Python310\lib\site-packages\sentence_transformers\cross_encoder\fit_mixin.py", line 19, in <module>
    from sentence_transformers.datasets.NoDuplicatesDataLoader import NoDuplicatesDataLoader
  File "C:\Users\Admin\AppData\Local\Programs\Python\Python310\lib\site-packages\sentence_transformers\datasets\__init__.py", line 13, in <module>
    from .ParallelSentencesDataset import ParallelSentencesDataset
  File "C:\Users\Admin\AppData\Local\Programs\Python\Python310\lib\site-packages\sentence_transformers\datasets\ParallelSentencesDataset.py", line 19, in <module>
    from sentence_transformers import SentenceTransformer
  File "C:\Users\Admin\AppData\Local\Programs\Python\Python310\lib\site-packages\sentence_transformers\SentenceTransformer.py", line 34, in <module>
    from sentence_transformers.model_card import SentenceTransformerModelCardData, generate_model_card
  File "C:\Users\Admin\AppData\Local\Programs\Python\Python310\lib\site-packages\sentence_transformers\model_card.py", line 25, in <module>
    from transformers.integrations import CodeCarbonCallback
  File "<frozen importlib._bootstrap>", line 1075, in _handle_fromlist
  File "C:\Users\Admin\AppData\Local\Programs\Python\Python310\lib\site-packages\transformers\utils\import_utils.py", line 2045, in __getattr__
    module = self._get_module(self._class_to_module[name])
  File "C:\Users\Admin\AppData\Local\Programs\Python\Python310\lib\site-packages\transformers\utils\import_utils.py", line 2075, in _get_module
    raise e
  File "C:\Users\Admin\AppData\Local\Programs\Python\Python310\lib\site-packages\transformers\utils\import_utils.py", line 2073, in _get_module
    return importlib.import_module("." + module_name, self.__name__)
  File "C:\Users\Admin\AppData\Local\Programs\Python\Python310\lib\importlib\__init__.py", line 126, in import_module
    return _bootstrap._gcd_import(name[level:], package, level)
  File "C:\Users\Admin\AppData\Local\Programs\Python\Python310\lib\site-packages\transformers\integrations\integration_utils.py", line 37, in <module>
    from .. import PreTrainedModel, TFPreTrainedModel, TrainingArguments
  File "<frozen importlib._bootstrap>", line 1075, in _handle_fromlist
  File "C:\Users\Admin\AppData\Local\Programs\Python\Python310\lib\site-packages\transformers\utils\import_utils.py", line 2045, in __getattr__
    module = self._get_module(self._class_to_module[name])
  File "C:\Users\Admin\AppData\Local\Programs\Python\Python310\lib\site-packages\transformers\utils\import_utils.py", line 2075, in _get_module
    raise e
  File "C:\Users\Admin\AppData\Local\Programs\Python\Python310\lib\site-packages\transformers\utils\import_utils.py", line 2073, in _get_module
    return importlib.import_module("." + module_name, self.__name__)
  File "C:\Users\Admin\AppData\Local\Programs\Python\Python310\lib\importlib\__init__.py", line 126, in import_module
    return _bootstrap._gcd_import(name[level:], package, level)
  File "C:\Users\Admin\AppData\Local\Programs\Python\Python310\lib\site-packages\transformers\modeling_tf_utils.py", line 38, in <module>
    from .activations_tf import get_tf_activation
  File "C:\Users\Admin\AppData\Local\Programs\Python\Python310\lib\site-packages\transformers\activations_tf.py", line 27, in <module>
    raise ValueError(
ValueError: Your currently installed version of Keras is Keras 3, but this is not yet supported in Transformers. Please install the backwards-compatible tf-keras package with `pip install tf-keras`.
2025-08-14 15:33:46,722 WARNING No embeddings available. RAG is disabled.
2025-08-14 15:33:46,752 WARNING  * Debugger is active!
2025-08-14 15:33:46,757 INFO  * Debugger PIN: 119-569-894
2025-08-14 15:33:46,807 INFO 127.0.0.1 - - [14/Aug/2025 15:33:46] "GET / HTTP/1.1" 200 -
2025-08-14 15:33:46,825 INFO 127.0.0.1 - - [14/Aug/2025 15:33:46] "GET / HTTP/1.1" 200 -
2025-08-14 15:35:19,198 INFO 127.0.0.1 - - [14/Aug/2025 15:35:19] "[31m[1mGET /api/generate-video HTTP/1.1[0m" 405 -
2025-08-14 15:35:46,037 ERROR Replicate call failed for session 87cc243e617b47ccab1380360b696c40: 422 Client Error: Unprocessable Entity for url: https://api.replicate.com/v1/predictions
Traceback (most recent call last):
  File "c:\Users\Admin\Documents\chatbot\app.py", line 334, in generate_video
    output = run_replicate_prediction(REPLICATE_MODEL, replicate_input, REPLICATE_API_TOKEN)
  File "c:\Users\Admin\Documents\chatbot\app.py", line 244, in run_replicate_prediction
    r.raise_for_status()
  File "C:\Users\Admin\AppData\Local\Programs\Python\Python310\lib\site-packages\requests\models.py", line 1021, in raise_for_status
    raise HTTPError(http_error_msg, response=self)
requests.exceptions.HTTPError: 422 Client Error: Unprocessable Entity for url: https://api.replicate.com/v1/predictions
2025-08-14 15:35:46,110 INFO Falling back to mock sample for session 87cc243e617b47ccab1380360b696c40 after replicate failure
2025-08-14 15:35:46,114 INFO  * Detected change in 'C:\\Users\\Admin\\AppData\\Local\\Programs\\Python\\Python310\\Lib\\site-packages\\requests\\models.py', reloading
2025-08-14 15:35:46,118 INFO 127.0.0.1 - - [14/Aug/2025 15:35:46] "[35m[1mPOST /api/generate-video HTTP/1.1[0m" 500 -
2025-08-14 15:35:49,637 INFO  * Restarting with watchdog (windowsapi)
2025-08-14 15:36:16,737 ERROR SentenceTransformerEmbeddings init failed: Your currently installed version of Keras is Keras 3, but this is not yet supported in Transformers. Please install the backwards-compatible tf-keras package with `pip install tf-keras`.
Traceback (most recent call last):
  File "C:\Users\Admin\AppData\Local\Programs\Python\Python310\lib\site-packages\transformers\activations_tf.py", line 22, in <module>
    import tf_keras as keras
ModuleNotFoundError: No module named 'tf_keras'

During handling of the above exception, another exception occurred:

Traceback (most recent call last):
  File "c:\Users\Admin\Documents\chatbot\app.py", line 85, in load_vectorstore
    emb = SentenceTransformerEmbeddings(model_name="all-MiniLM-L6-v2")
  File "C:\Users\Admin\AppData\Local\Programs\Python\Python310\lib\site-packages\langchain_core\_api\deprecation.py", line 224, in warn_if_direct_instance
    return wrapped(self, *args, **kwargs)
  File "C:\Users\Admin\AppData\Local\Programs\Python\Python310\lib\site-packages\langchain_community\embeddings\huggingface.py", line 84, in __init__
    import sentence_transformers
  File "C:\Users\Admin\AppData\Local\Programs\Python\Python310\lib\site-packages\sentence_transformers\__init__.py", line 14, in <module>
    from sentence_transformers.cross_encoder import (
  File "C:\Users\Admin\AppData\Local\Programs\Python\Python310\lib\site-packages\sentence_transformers\cross_encoder\__init__.py", line 3, in <module>
    from .CrossEncoder import CrossEncoder
  File "C:\Users\Admin\AppData\Local\Programs\Python\Python310\lib\site-packages\sentence_transformers\cross_encoder\CrossEncoder.py", line 31, in <module>
    from sentence_transformers.cross_encoder.fit_mixin import FitMixin
  File "C:\Users\Admin\AppData\Local\Programs\Python\Python310\lib\site-packages\sentence_transformers\cross_encoder\fit_mixin.py", line 19, in <module>
    from sentence_transformers.datasets.NoDuplicatesDataLoader import NoDuplicatesDataLoader
  File "C:\Users\Admin\AppData\Local\Programs\Python\Python310\lib\site-packages\sentence_transformers\datasets\__init__.py", line 13, in <module>
    from .ParallelSentencesDataset import ParallelSentencesDataset
  File "C:\Users\Admin\AppData\Local\Programs\Python\Python310\lib\site-packages\sentence_transformers\datasets\ParallelSentencesDataset.py", line 19, in <module>
    from sentence_transformers import SentenceTransformer
  File "C:\Users\Admin\AppData\Local\Programs\Python\Python310\lib\site-packages\sentence_transformers\SentenceTransformer.py", line 34, in <module>
    from sentence_transformers.model_card import SentenceTransformerModelCardData, generate_model_card
  File "C:\Users\Admin\AppData\Local\Programs\Python\Python310\lib\site-packages\sentence_transformers\model_card.py", line 25, in <module>
    from transformers.integrations import CodeCarbonCallback
  File "<frozen importlib._bootstrap>", line 1075, in _handle_fromlist
  File "C:\Users\Admin\AppData\Local\Programs\Python\Python310\lib\site-packages\transformers\utils\import_utils.py", line 2045, in __getattr__
    module = self._get_module(self._class_to_module[name])
  File "C:\Users\Admin\AppData\Local\Programs\Python\Python310\lib\site-packages\transformers\utils\import_utils.py", line 2075, in _get_module
    raise e
  File "C:\Users\Admin\AppData\Local\Programs\Python\Python310\lib\site-packages\transformers\utils\import_utils.py", line 2073, in _get_module
    return importlib.import_module("." + module_name, self.__name__)
  File "C:\Users\Admin\AppData\Local\Programs\Python\Python310\lib\importlib\__init__.py", line 126, in import_module
    return _bootstrap._gcd_import(name[level:], package, level)
  File "C:\Users\Admin\AppData\Local\Programs\Python\Python310\lib\site-packages\transformers\integrations\integration_utils.py", line 37, in <module>
    from .. import PreTrainedModel, TFPreTrainedModel, TrainingArguments
  File "<frozen importlib._bootstrap>", line 1075, in _handle_fromlist
  File "C:\Users\Admin\AppData\Local\Programs\Python\Python310\lib\site-packages\transformers\utils\import_utils.py", line 2045, in __getattr__
    module = self._get_module(self._class_to_module[name])
  File "C:\Users\Admin\AppData\Local\Programs\Python\Python310\lib\site-packages\transformers\utils\import_utils.py", line 2075, in _get_module
    raise e
  File "C:\Users\Admin\AppData\Local\Programs\Python\Python310\lib\site-packages\transformers\utils\import_utils.py", line 2073, in _get_module
    return importlib.import_module("." + module_name, self.__name__)
  File "C:\Users\Admin\AppData\Local\Programs\Python\Python310\lib\importlib\__init__.py", line 126, in import_module
    return _bootstrap._gcd_import(name[level:], package, level)
  File "C:\Users\Admin\AppData\Local\Programs\Python\Python310\lib\site-packages\transformers\modeling_tf_utils.py", line 38, in <module>
    from .activations_tf import get_tf_activation
  File "C:\Users\Admin\AppData\Local\Programs\Python\Python310\lib\site-packages\transformers\activations_tf.py", line 27, in <module>
    raise ValueError(
ValueError: Your currently installed version of Keras is Keras 3, but this is not yet supported in Transformers. Please install the backwards-compatible tf-keras package with `pip install tf-keras`.
2025-08-14 15:36:16,770 WARNING No embeddings available. RAG is disabled.
2025-08-14 15:36:16,813 WARNING  * Debugger is active!
2025-08-14 15:36:16,820 INFO  * Debugger PIN: 119-569-894
2025-08-14 15:44:25,855 INFO  * Detected change in 'c:\\Users\\Admin\\Documents\\chatbot\\app.py', reloading
2025-08-14 15:44:25,866 INFO  * Detected change in 'c:\\Users\\Admin\\Documents\\chatbot\\app.py', reloading
2025-08-14 15:44:30,587 INFO  * Restarting with watchdog (windowsapi)
2025-08-14 15:44:31,623 WARNING  * Debugger is active!
2025-08-14 15:44:31,633 INFO  * Debugger PIN: 119-569-894
2025-08-14 15:45:39,486 INFO  * Detected change in 'c:\\Users\\Admin\\Documents\\chatbot\\app.py', reloading
2025-08-14 15:45:39,487 INFO  * Detected change in 'c:\\Users\\Admin\\Documents\\chatbot\\app.py', reloading
2025-08-14 15:45:39,487 INFO  * Detected change in 'c:\\Users\\Admin\\Documents\\chatbot\\app.py', reloading
2025-08-14 15:45:40,518 INFO  * Restarting with watchdog (windowsapi)
2025-08-14 15:45:41,401 WARNING  * Debugger is active!
2025-08-14 15:45:41,407 INFO  * Debugger PIN: 119-569-894
2025-08-14 15:46:43,338 INFO  * Detected change in 'c:\\Users\\Admin\\Documents\\chatbot\\app.py', reloading
2025-08-14 15:46:43,346 INFO  * Detected change in 'c:\\Users\\Admin\\Documents\\chatbot\\app.py', reloading
2025-08-14 15:46:43,347 INFO  * Detected change in 'c:\\Users\\Admin\\Documents\\chatbot\\app.py', reloading
2025-08-14 15:46:44,289 INFO  * Restarting with watchdog (windowsapi)
2025-08-14 15:46:45,235 WARNING  * Debugger is active!
2025-08-14 15:46:45,240 INFO  * Debugger PIN: 119-569-894
2025-08-14 15:47:04,784 INFO [31m[1mWARNING: This is a development server. Do not use it in a production deployment. Use a production WSGI server instead.[0m
 * Running on all addresses (0.0.0.0)
 * Running on http://127.0.0.1:8000
 * Running on http://192.168.54.54:8000
2025-08-14 15:47:04,784 INFO [33mPress CTRL+C to quit[0m
2025-08-14 15:47:04,804 INFO  * Restarting with watchdog (windowsapi)
2025-08-14 15:47:05,596 WARNING  * Debugger is active!
2025-08-14 15:47:05,600 INFO  * Debugger PIN: 119-569-894
2025-08-14 15:47:56,311 WARNING Stability not configured. Returning mock sample for session caf8caf8c8bf4a96b034bb268d48e363
2025-08-14 15:47:56,315 INFO 127.0.0.1 - - [14/Aug/2025 15:47:56] "[35m[1mPOST /api/generate-video HTTP/1.1[0m" 500 -
2025-08-14 15:49:05,626 INFO [31m[1mWARNING: This is a development server. Do not use it in a production deployment. Use a production WSGI server instead.[0m
 * Running on all addresses (0.0.0.0)
 * Running on http://127.0.0.1:8000
 * Running on http://192.168.54.54:8000
2025-08-14 15:49:05,627 INFO [33mPress CTRL+C to quit[0m
2025-08-14 15:49:05,649 INFO  * Restarting with watchdog (windowsapi)
2025-08-14 15:49:06,474 WARNING  * Debugger is active!
2025-08-14 15:49:06,481 INFO  * Debugger PIN: 119-569-894
2025-08-14 15:49:13,458 INFO Calling Stability Text->Video: url=https://api.stability.ai/v1/generation/stable-video/text-to-video model=stable-video prompt=Generate video of dancing robot — Context: user: Generate video of dancing robot
2025-08-14 15:49:23,314 ERROR Stability API error: 404 {"id":"819d1684f89cef07985b862c3a2cbdbe","message":"Not Found","name":"not_found"}

2025-08-14 15:49:23,314 ERROR Stability API call failed for session a2daeff38913471f92fd746ab457eba9: Stability API returned 404: {"id":"819d1684f89cef07985b862c3a2cbdbe","message":"Not Found","name":"not_found"}
Traceback (most recent call last):
  File "c:\Users\Admin\Documents\chatbot\app.py", line 298, in generate_video
    files = call_stability_text_to_video(brief, options=options)
  File "c:\Users\Admin\Documents\chatbot\app.py", line 154, in call_stability_text_to_video
    raise RuntimeError(f"Stability API returned {r.status_code}: {r.text}")
RuntimeError: Stability API returned 404: {"id":"819d1684f89cef07985b862c3a2cbdbe","message":"Not Found","name":"not_found"}

2025-08-14 15:49:23,320 INFO 127.0.0.1 - - [14/Aug/2025 15:49:23] "[35m[1mPOST /api/generate-video HTTP/1.1[0m" 500 -
2025-08-14 15:54:51,729 INFO  * Detected change in 'C:\\Users\\Admin\\AppData\\Local\\Programs\\Python\\Python310\\Lib\\uuid.py', reloading
2025-08-14 15:54:52,082 INFO  * Restarting with watchdog (windowsapi)
2025-08-14 15:54:52,978 WARNING  * Debugger is active!
2025-08-14 15:54:52,985 INFO  * Debugger PIN: 119-569-894
2025-08-14 16:33:43,477 INFO  * Detected change in 'c:\\Users\\Admin\\Documents\\chatbot\\app.py', reloading
2025-08-14 16:33:43,496 INFO  * Detected change in 'c:\\Users\\Admin\\Documents\\chatbot\\app.py', reloading
2025-08-14 16:33:43,879 INFO  * Restarting with watchdog (windowsapi)
2025-08-14 16:33:45,411 WARNING  * Debugger is active!
2025-08-14 16:33:45,420 INFO  * Debugger PIN: 119-569-894
2025-08-14 16:34:42,736 INFO [31m[1mWARNING: This is a development server. Do not use it in a production deployment. Use a production WSGI server instead.[0m
 * Running on all addresses (0.0.0.0)
 * Running on http://127.0.0.1:8000
 * Running on http://192.168.54.54:8000
2025-08-14 16:34:42,736 INFO [33mPress CTRL+C to quit[0m
2025-08-14 16:34:42,765 INFO  * Restarting with watchdog (windowsapi)
2025-08-14 16:34:43,557 WARNING  * Debugger is active!
2025-08-14 16:34:43,561 INFO  * Debugger PIN: 119-569-894
2025-08-14 16:35:46,715 WARNING Replicate not configured or replicate package missing. Returning mock sample for session 09b7fb2c90e74320b55e67a1765bd940
2025-08-14 16:35:46,717 INFO 127.0.0.1 - - [14/Aug/2025 16:35:46] "[35m[1mPOST /api/generate-video HTTP/1.1[0m" 500 -
2025-08-14 16:36:30,509 INFO [31m[1mWARNING: This is a development server. Do not use it in a production deployment. Use a production WSGI server instead.[0m
 * Running on all addresses (0.0.0.0)
 * Running on http://127.0.0.1:8000
 * Running on http://192.168.54.54:8000
2025-08-14 16:36:30,510 INFO [33mPress CTRL+C to quit[0m
2025-08-14 16:36:30,534 INFO  * Restarting with watchdog (windowsapi)
2025-08-14 16:36:32,001 WARNING  * Debugger is active!
2025-08-14 16:36:32,007 INFO  * Debugger PIN: 119-569-894
2025-08-14 16:36:36,689 INFO Calling Replicate model minimax/video-01 prompt=Generate video of dancing robot — Context: user: Generate video of dancing robot
2025-08-14 16:37:37,357 INFO HTTP Request: POST https://api.replicate.com/v1/models/minimax/video-01/predictions "HTTP/1.1 202 Accepted"
2025-08-14 16:37:38,657 INFO HTTP Request: GET https://api.replicate.com/v1/predictions/52b2zhnrg1rma0crn11b960c88 "HTTP/1.1 200 OK"
2025-08-14 16:37:39,467 INFO HTTP Request: GET https://api.replicate.com/v1/predictions/52b2zhnrg1rma0crn11b960c88 "HTTP/1.1 200 OK"
2025-08-14 16:37:40,294 INFO HTTP Request: GET https://api.replicate.com/v1/predictions/52b2zhnrg1rma0crn11b960c88 "HTTP/1.1 200 OK"
2025-08-14 16:37:41,100 INFO HTTP Request: GET https://api.replicate.com/v1/predictions/52b2zhnrg1rma0crn11b960c88 "HTTP/1.1 200 OK"
2025-08-14 16:37:41,939 INFO HTTP Request: GET https://api.replicate.com/v1/predictions/52b2zhnrg1rma0crn11b960c88 "HTTP/1.1 200 OK"
2025-08-14 16:37:42,782 INFO HTTP Request: GET https://api.replicate.com/v1/predictions/52b2zhnrg1rma0crn11b960c88 "HTTP/1.1 200 OK"
2025-08-14 16:37:44,085 INFO HTTP Request: GET https://api.replicate.com/v1/predictions/52b2zhnrg1rma0crn11b960c88 "HTTP/1.1 200 OK"
2025-08-14 16:37:44,912 INFO HTTP Request: GET https://api.replicate.com/v1/predictions/52b2zhnrg1rma0crn11b960c88 "HTTP/1.1 200 OK"
2025-08-14 16:37:45,931 INFO HTTP Request: GET https://api.replicate.com/v1/predictions/52b2zhnrg1rma0crn11b960c88 "HTTP/1.1 200 OK"
2025-08-14 16:37:46,757 INFO HTTP Request: GET https://api.replicate.com/v1/predictions/52b2zhnrg1rma0crn11b960c88 "HTTP/1.1 200 OK"
2025-08-14 16:37:47,588 INFO HTTP Request: GET https://api.replicate.com/v1/predictions/52b2zhnrg1rma0crn11b960c88 "HTTP/1.1 200 OK"
2025-08-14 16:37:48,396 INFO HTTP Request: GET https://api.replicate.com/v1/predictions/52b2zhnrg1rma0crn11b960c88 "HTTP/1.1 200 OK"
2025-08-14 16:37:49,257 INFO HTTP Request: GET https://api.replicate.com/v1/predictions/52b2zhnrg1rma0crn11b960c88 "HTTP/1.1 200 OK"
2025-08-14 16:37:50,087 INFO HTTP Request: GET https://api.replicate.com/v1/predictions/52b2zhnrg1rma0crn11b960c88 "HTTP/1.1 200 OK"
2025-08-14 16:37:50,918 INFO HTTP Request: GET https://api.replicate.com/v1/predictions/52b2zhnrg1rma0crn11b960c88 "HTTP/1.1 200 OK"
2025-08-14 16:37:51,736 INFO HTTP Request: GET https://api.replicate.com/v1/predictions/52b2zhnrg1rma0crn11b960c88 "HTTP/1.1 200 OK"
2025-08-14 16:37:52,561 INFO HTTP Request: GET https://api.replicate.com/v1/predictions/52b2zhnrg1rma0crn11b960c88 "HTTP/1.1 200 OK"
2025-08-14 16:37:53,379 INFO HTTP Request: GET https://api.replicate.com/v1/predictions/52b2zhnrg1rma0crn11b960c88 "HTTP/1.1 200 OK"
2025-08-14 16:37:54,180 INFO HTTP Request: GET https://api.replicate.com/v1/predictions/52b2zhnrg1rma0crn11b960c88 "HTTP/1.1 200 OK"
2025-08-14 16:37:55,476 INFO HTTP Request: GET https://api.replicate.com/v1/predictions/52b2zhnrg1rma0crn11b960c88 "HTTP/1.1 200 OK"
2025-08-14 16:37:56,284 INFO HTTP Request: GET https://api.replicate.com/v1/predictions/52b2zhnrg1rma0crn11b960c88 "HTTP/1.1 200 OK"
2025-08-14 16:37:57,086 INFO HTTP Request: GET https://api.replicate.com/v1/predictions/52b2zhnrg1rma0crn11b960c88 "HTTP/1.1 200 OK"
2025-08-14 16:37:57,892 INFO HTTP Request: GET https://api.replicate.com/v1/predictions/52b2zhnrg1rma0crn11b960c88 "HTTP/1.1 200 OK"
2025-08-14 16:37:58,710 INFO HTTP Request: GET https://api.replicate.com/v1/predictions/52b2zhnrg1rma0crn11b960c88 "HTTP/1.1 200 OK"
2025-08-14 16:37:59,547 INFO HTTP Request: GET https://api.replicate.com/v1/predictions/52b2zhnrg1rma0crn11b960c88 "HTTP/1.1 200 OK"
2025-08-14 16:38:00,836 INFO HTTP Request: GET https://api.replicate.com/v1/predictions/52b2zhnrg1rma0crn11b960c88 "HTTP/1.1 200 OK"
2025-08-14 16:38:01,652 INFO HTTP Request: GET https://api.replicate.com/v1/predictions/52b2zhnrg1rma0crn11b960c88 "HTTP/1.1 200 OK"
2025-08-14 16:38:02,481 INFO HTTP Request: GET https://api.replicate.com/v1/predictions/52b2zhnrg1rma0crn11b960c88 "HTTP/1.1 200 OK"
2025-08-14 16:38:03,294 INFO HTTP Request: GET https://api.replicate.com/v1/predictions/52b2zhnrg1rma0crn11b960c88 "HTTP/1.1 200 OK"
2025-08-14 16:38:04,110 INFO HTTP Request: GET https://api.replicate.com/v1/predictions/52b2zhnrg1rma0crn11b960c88 "HTTP/1.1 200 OK"
2025-08-14 16:38:04,936 INFO HTTP Request: GET https://api.replicate.com/v1/predictions/52b2zhnrg1rma0crn11b960c88 "HTTP/1.1 200 OK"
2025-08-14 16:38:06,117 INFO HTTP Request: GET https://api.replicate.com/v1/predictions/52b2zhnrg1rma0crn11b960c88 "HTTP/1.1 200 OK"
2025-08-14 16:38:06,889 INFO HTTP Request: GET https://api.replicate.com/v1/predictions/52b2zhnrg1rma0crn11b960c88 "HTTP/1.1 200 OK"
2025-08-14 16:38:07,659 INFO HTTP Request: GET https://api.replicate.com/v1/predictions/52b2zhnrg1rma0crn11b960c88 "HTTP/1.1 200 OK"
2025-08-14 16:38:08,424 INFO HTTP Request: GET https://api.replicate.com/v1/predictions/52b2zhnrg1rma0crn11b960c88 "HTTP/1.1 200 OK"
2025-08-14 16:38:09,171 INFO HTTP Request: GET https://api.replicate.com/v1/predictions/52b2zhnrg1rma0crn11b960c88 "HTTP/1.1 200 OK"
2025-08-14 16:38:09,941 INFO HTTP Request: GET https://api.replicate.com/v1/predictions/52b2zhnrg1rma0crn11b960c88 "HTTP/1.1 200 OK"
2025-08-14 16:38:10,759 INFO HTTP Request: GET https://api.replicate.com/v1/predictions/52b2zhnrg1rma0crn11b960c88 "HTTP/1.1 200 OK"
2025-08-14 16:38:11,572 INFO HTTP Request: GET https://api.replicate.com/v1/predictions/52b2zhnrg1rma0crn11b960c88 "HTTP/1.1 200 OK"
2025-08-14 16:38:12,384 INFO HTTP Request: GET https://api.replicate.com/v1/predictions/52b2zhnrg1rma0crn11b960c88 "HTTP/1.1 200 OK"
2025-08-14 16:38:13,210 INFO HTTP Request: GET https://api.replicate.com/v1/predictions/52b2zhnrg1rma0crn11b960c88 "HTTP/1.1 200 OK"
2025-08-14 16:38:14,024 INFO HTTP Request: GET https://api.replicate.com/v1/predictions/52b2zhnrg1rma0crn11b960c88 "HTTP/1.1 200 OK"
2025-08-14 16:38:14,843 INFO HTTP Request: GET https://api.replicate.com/v1/predictions/52b2zhnrg1rma0crn11b960c88 "HTTP/1.1 200 OK"
2025-08-14 16:38:15,646 INFO HTTP Request: GET https://api.replicate.com/v1/predictions/52b2zhnrg1rma0crn11b960c88 "HTTP/1.1 200 OK"
2025-08-14 16:38:16,786 INFO HTTP Request: GET https://api.replicate.com/v1/predictions/52b2zhnrg1rma0crn11b960c88 "HTTP/1.1 200 OK"
2025-08-14 16:38:17,528 INFO HTTP Request: GET https://api.replicate.com/v1/predictions/52b2zhnrg1rma0crn11b960c88 "HTTP/1.1 200 OK"
2025-08-14 16:38:18,294 INFO HTTP Request: GET https://api.replicate.com/v1/predictions/52b2zhnrg1rma0crn11b960c88 "HTTP/1.1 200 OK"
2025-08-14 16:38:19,056 INFO HTTP Request: GET https://api.replicate.com/v1/predictions/52b2zhnrg1rma0crn11b960c88 "HTTP/1.1 200 OK"
2025-08-14 16:38:19,843 INFO HTTP Request: GET https://api.replicate.com/v1/predictions/52b2zhnrg1rma0crn11b960c88 "HTTP/1.1 200 OK"
2025-08-14 16:38:20,614 INFO HTTP Request: GET https://api.replicate.com/v1/predictions/52b2zhnrg1rma0crn11b960c88 "HTTP/1.1 200 OK"
2025-08-14 16:38:21,368 INFO HTTP Request: GET https://api.replicate.com/v1/predictions/52b2zhnrg1rma0crn11b960c88 "HTTP/1.1 200 OK"
2025-08-14 16:38:22,504 INFO HTTP Request: GET https://api.replicate.com/v1/predictions/52b2zhnrg1rma0crn11b960c88 "HTTP/1.1 200 OK"
2025-08-14 16:38:23,452 INFO HTTP Request: GET https://api.replicate.com/v1/predictions/52b2zhnrg1rma0crn11b960c88 "HTTP/1.1 200 OK"
2025-08-14 16:38:24,215 INFO HTTP Request: GET https://api.replicate.com/v1/predictions/52b2zhnrg1rma0crn11b960c88 "HTTP/1.1 200 OK"
2025-08-14 16:38:24,977 INFO HTTP Request: GET https://api.replicate.com/v1/predictions/52b2zhnrg1rma0crn11b960c88 "HTTP/1.1 200 OK"
2025-08-14 16:38:25,736 INFO HTTP Request: GET https://api.replicate.com/v1/predictions/52b2zhnrg1rma0crn11b960c88 "HTTP/1.1 200 OK"
2025-08-14 16:38:26,490 INFO HTTP Request: GET https://api.replicate.com/v1/predictions/52b2zhnrg1rma0crn11b960c88 "HTTP/1.1 200 OK"
2025-08-14 16:38:27,618 INFO HTTP Request: GET https://api.replicate.com/v1/predictions/52b2zhnrg1rma0crn11b960c88 "HTTP/1.1 200 OK"
2025-08-14 16:38:28,388 INFO HTTP Request: GET https://api.replicate.com/v1/predictions/52b2zhnrg1rma0crn11b960c88 "HTTP/1.1 200 OK"
2025-08-14 16:38:29,144 INFO HTTP Request: GET https://api.replicate.com/v1/predictions/52b2zhnrg1rma0crn11b960c88 "HTTP/1.1 200 OK"
2025-08-14 16:38:29,906 INFO HTTP Request: GET https://api.replicate.com/v1/predictions/52b2zhnrg1rma0crn11b960c88 "HTTP/1.1 200 OK"
2025-08-14 16:38:30,656 INFO HTTP Request: GET https://api.replicate.com/v1/predictions/52b2zhnrg1rma0crn11b960c88 "HTTP/1.1 200 OK"
2025-08-14 16:38:31,404 INFO HTTP Request: GET https://api.replicate.com/v1/predictions/52b2zhnrg1rma0crn11b960c88 "HTTP/1.1 200 OK"
2025-08-14 16:38:32,154 INFO HTTP Request: GET https://api.replicate.com/v1/predictions/52b2zhnrg1rma0crn11b960c88 "HTTP/1.1 200 OK"
2025-08-14 16:38:32,917 INFO HTTP Request: GET https://api.replicate.com/v1/predictions/52b2zhnrg1rma0crn11b960c88 "HTTP/1.1 200 OK"
2025-08-14 16:38:33,671 INFO HTTP Request: GET https://api.replicate.com/v1/predictions/52b2zhnrg1rma0crn11b960c88 "HTTP/1.1 200 OK"
2025-08-14 16:38:34,455 INFO HTTP Request: GET https://api.replicate.com/v1/predictions/52b2zhnrg1rma0crn11b960c88 "HTTP/1.1 200 OK"
2025-08-14 16:38:35,255 INFO HTTP Request: GET https://api.replicate.com/v1/predictions/52b2zhnrg1rma0crn11b960c88 "HTTP/1.1 200 OK"
2025-08-14 16:38:36,014 INFO HTTP Request: GET https://api.replicate.com/v1/predictions/52b2zhnrg1rma0crn11b960c88 "HTTP/1.1 200 OK"
2025-08-14 16:38:36,806 INFO HTTP Request: GET https://api.replicate.com/v1/predictions/52b2zhnrg1rma0crn11b960c88 "HTTP/1.1 200 OK"
2025-08-14 16:38:37,563 INFO HTTP Request: GET https://api.replicate.com/v1/predictions/52b2zhnrg1rma0crn11b960c88 "HTTP/1.1 200 OK"
2025-08-14 16:38:38,379 INFO HTTP Request: GET https://api.replicate.com/v1/predictions/52b2zhnrg1rma0crn11b960c88 "HTTP/1.1 200 OK"
2025-08-14 16:38:39,206 INFO HTTP Request: GET https://api.replicate.com/v1/predictions/52b2zhnrg1rma0crn11b960c88 "HTTP/1.1 200 OK"
2025-08-14 16:38:40,029 INFO HTTP Request: GET https://api.replicate.com/v1/predictions/52b2zhnrg1rma0crn11b960c88 "HTTP/1.1 200 OK"
2025-08-14 16:38:40,845 INFO HTTP Request: GET https://api.replicate.com/v1/predictions/52b2zhnrg1rma0crn11b960c88 "HTTP/1.1 200 OK"
2025-08-14 16:38:41,661 INFO HTTP Request: GET https://api.replicate.com/v1/predictions/52b2zhnrg1rma0crn11b960c88 "HTTP/1.1 200 OK"
2025-08-14 16:38:42,469 INFO HTTP Request: GET https://api.replicate.com/v1/predictions/52b2zhnrg1rma0crn11b960c88 "HTTP/1.1 200 OK"
2025-08-14 16:38:43,280 INFO HTTP Request: GET https://api.replicate.com/v1/predictions/52b2zhnrg1rma0crn11b960c88 "HTTP/1.1 200 OK"
2025-08-14 16:38:44,070 INFO HTTP Request: GET https://api.replicate.com/v1/predictions/52b2zhnrg1rma0crn11b960c88 "HTTP/1.1 200 OK"
2025-08-14 16:38:44,824 INFO HTTP Request: GET https://api.replicate.com/v1/predictions/52b2zhnrg1rma0crn11b960c88 "HTTP/1.1 200 OK"
2025-08-14 16:38:45,592 INFO HTTP Request: GET https://api.replicate.com/v1/predictions/52b2zhnrg1rma0crn11b960c88 "HTTP/1.1 200 OK"
2025-08-14 16:38:46,346 INFO HTTP Request: GET https://api.replicate.com/v1/predictions/52b2zhnrg1rma0crn11b960c88 "HTTP/1.1 200 OK"
2025-08-14 16:38:47,093 INFO HTTP Request: GET https://api.replicate.com/v1/predictions/52b2zhnrg1rma0crn11b960c88 "HTTP/1.1 200 OK"
2025-08-14 16:38:47,848 INFO HTTP Request: GET https://api.replicate.com/v1/predictions/52b2zhnrg1rma0crn11b960c88 "HTTP/1.1 200 OK"
2025-08-14 16:38:48,594 INFO HTTP Request: GET https://api.replicate.com/v1/predictions/52b2zhnrg1rma0crn11b960c88 "HTTP/1.1 200 OK"
2025-08-14 16:38:49,421 INFO HTTP Request: GET https://api.replicate.com/v1/predictions/52b2zhnrg1rma0crn11b960c88 "HTTP/1.1 200 OK"
2025-08-14 16:38:50,255 INFO HTTP Request: GET https://api.replicate.com/v1/predictions/52b2zhnrg1rma0crn11b960c88 "HTTP/1.1 200 OK"
2025-08-14 16:38:51,088 INFO HTTP Request: GET https://api.replicate.com/v1/predictions/52b2zhnrg1rma0crn11b960c88 "HTTP/1.1 200 OK"
2025-08-14 16:38:51,922 INFO HTTP Request: GET https://api.replicate.com/v1/predictions/52b2zhnrg1rma0crn11b960c88 "HTTP/1.1 200 OK"
2025-08-14 16:38:52,753 INFO HTTP Request: GET https://api.replicate.com/v1/predictions/52b2zhnrg1rma0crn11b960c88 "HTTP/1.1 200 OK"
2025-08-14 16:38:53,594 INFO HTTP Request: GET https://api.replicate.com/v1/predictions/52b2zhnrg1rma0crn11b960c88 "HTTP/1.1 200 OK"
2025-08-14 16:38:54,353 INFO HTTP Request: GET https://api.replicate.com/v1/predictions/52b2zhnrg1rma0crn11b960c88 "HTTP/1.1 200 OK"
2025-08-14 16:38:55,108 INFO HTTP Request: GET https://api.replicate.com/v1/predictions/52b2zhnrg1rma0crn11b960c88 "HTTP/1.1 200 OK"
2025-08-14 16:38:55,863 INFO HTTP Request: GET https://api.replicate.com/v1/predictions/52b2zhnrg1rma0crn11b960c88 "HTTP/1.1 200 OK"
2025-08-14 16:38:56,624 INFO HTTP Request: GET https://api.replicate.com/v1/predictions/52b2zhnrg1rma0crn11b960c88 "HTTP/1.1 200 OK"
2025-08-14 16:38:57,387 INFO HTTP Request: GET https://api.replicate.com/v1/predictions/52b2zhnrg1rma0crn11b960c88 "HTTP/1.1 200 OK"
2025-08-14 16:38:58,178 INFO HTTP Request: GET https://api.replicate.com/v1/predictions/52b2zhnrg1rma0crn11b960c88 "HTTP/1.1 200 OK"
2025-08-14 16:38:58,934 INFO HTTP Request: GET https://api.replicate.com/v1/predictions/52b2zhnrg1rma0crn11b960c88 "HTTP/1.1 200 OK"
2025-08-14 16:38:59,797 INFO HTTP Request: GET https://api.replicate.com/v1/predictions/52b2zhnrg1rma0crn11b960c88 "HTTP/1.1 200 OK"
2025-08-14 16:39:00,654 INFO HTTP Request: GET https://api.replicate.com/v1/predictions/52b2zhnrg1rma0crn11b960c88 "HTTP/1.1 200 OK"
2025-08-14 16:39:01,479 INFO HTTP Request: GET https://api.replicate.com/v1/predictions/52b2zhnrg1rma0crn11b960c88 "HTTP/1.1 200 OK"
2025-08-14 16:39:02,320 INFO HTTP Request: GET https://api.replicate.com/v1/predictions/52b2zhnrg1rma0crn11b960c88 "HTTP/1.1 200 OK"
2025-08-14 16:39:03,157 INFO HTTP Request: GET https://api.replicate.com/v1/predictions/52b2zhnrg1rma0crn11b960c88 "HTTP/1.1 200 OK"
2025-08-14 16:39:03,993 INFO HTTP Request: GET https://api.replicate.com/v1/predictions/52b2zhnrg1rma0crn11b960c88 "HTTP/1.1 200 OK"
2025-08-14 16:39:04,832 INFO HTTP Request: GET https://api.replicate.com/v1/predictions/52b2zhnrg1rma0crn11b960c88 "HTTP/1.1 200 OK"
2025-08-14 16:39:05,666 INFO HTTP Request: GET https://api.replicate.com/v1/predictions/52b2zhnrg1rma0crn11b960c88 "HTTP/1.1 200 OK"
2025-08-14 16:39:06,518 INFO HTTP Request: GET https://api.replicate.com/v1/predictions/52b2zhnrg1rma0crn11b960c88 "HTTP/1.1 200 OK"
2025-08-14 16:39:07,370 INFO HTTP Request: GET https://api.replicate.com/v1/predictions/52b2zhnrg1rma0crn11b960c88 "HTTP/1.1 200 OK"
2025-08-14 16:39:08,219 INFO HTTP Request: GET https://api.replicate.com/v1/predictions/52b2zhnrg1rma0crn11b960c88 "HTTP/1.1 200 OK"
2025-08-14 16:39:09,070 INFO HTTP Request: GET https://api.replicate.com/v1/predictions/52b2zhnrg1rma0crn11b960c88 "HTTP/1.1 200 OK"
2025-08-14 16:39:09,905 INFO HTTP Request: GET https://api.replicate.com/v1/predictions/52b2zhnrg1rma0crn11b960c88 "HTTP/1.1 200 OK"
2025-08-14 16:39:10,753 INFO HTTP Request: GET https://api.replicate.com/v1/predictions/52b2zhnrg1rma0crn11b960c88 "HTTP/1.1 200 OK"
2025-08-14 16:39:11,587 INFO HTTP Request: GET https://api.replicate.com/v1/predictions/52b2zhnrg1rma0crn11b960c88 "HTTP/1.1 200 OK"
2025-08-14 16:39:12,411 INFO HTTP Request: GET https://api.replicate.com/v1/predictions/52b2zhnrg1rma0crn11b960c88 "HTTP/1.1 200 OK"
2025-08-14 16:39:13,238 INFO HTTP Request: GET https://api.replicate.com/v1/predictions/52b2zhnrg1rma0crn11b960c88 "HTTP/1.1 200 OK"
2025-08-14 16:39:14,066 INFO HTTP Request: GET https://api.replicate.com/v1/predictions/52b2zhnrg1rma0crn11b960c88 "HTTP/1.1 200 OK"
2025-08-14 16:39:14,889 INFO HTTP Request: GET https://api.replicate.com/v1/predictions/52b2zhnrg1rma0crn11b960c88 "HTTP/1.1 200 OK"
2025-08-14 16:39:16,180 INFO HTTP Request: GET https://api.replicate.com/v1/predictions/52b2zhnrg1rma0crn11b960c88 "HTTP/1.1 200 OK"
2025-08-14 16:39:16,988 INFO HTTP Request: GET https://api.replicate.com/v1/predictions/52b2zhnrg1rma0crn11b960c88 "HTTP/1.1 200 OK"
2025-08-14 16:39:17,799 INFO HTTP Request: GET https://api.replicate.com/v1/predictions/52b2zhnrg1rma0crn11b960c88 "HTTP/1.1 200 OK"
2025-08-14 16:39:18,615 INFO HTTP Request: GET https://api.replicate.com/v1/predictions/52b2zhnrg1rma0crn11b960c88 "HTTP/1.1 200 OK"
2025-08-14 16:39:19,422 INFO HTTP Request: GET https://api.replicate.com/v1/predictions/52b2zhnrg1rma0crn11b960c88 "HTTP/1.1 200 OK"
2025-08-14 16:39:20,244 INFO HTTP Request: GET https://api.replicate.com/v1/predictions/52b2zhnrg1rma0crn11b960c88 "HTTP/1.1 200 OK"
2025-08-14 16:39:20,245 ERROR Replicate call failed for session ed2d31d8452147d388a8816593de45c7: No downloadable video returned by replicate: <replicate.helpers.FileOutput object at 0x000002362C316C20>
Traceback (most recent call last):
  File "c:\Users\Admin\Documents\chatbot\app.py", line 269, in generate_video
    files = call_replicate_minimax(brief, options=options)
  File "c:\Users\Admin\Documents\chatbot\app.py", line 182, in call_replicate_minimax
    raise RuntimeError(f"No downloadable video returned by replicate: {repr(output)[:500]}")
RuntimeError: No downloadable video returned by replicate: <replicate.helpers.FileOutput object at 0x000002362C316C20>
2025-08-14 16:39:20,247 INFO 127.0.0.1 - - [14/Aug/2025 16:39:20] "[35m[1mPOST /api/generate-video HTTP/1.1[0m" 500 -
2025-08-14 16:40:12,396 INFO  * Detected change in 'c:\\Users\\Admin\\Documents\\chatbot\\app.py', reloading
2025-08-14 16:40:12,397 INFO  * Detected change in 'c:\\Users\\Admin\\Documents\\chatbot\\app.py', reloading
2025-08-14 16:40:12,398 INFO  * Detected change in 'c:\\Users\\Admin\\Documents\\chatbot\\app.py', reloading
2025-08-14 16:40:12,852 INFO  * Restarting with watchdog (windowsapi)
2025-08-14 16:40:14,548 WARNING  * Debugger is active!
2025-08-14 16:40:14,554 INFO  * Debugger PIN: 119-569-894
2025-08-14 16:43:02,568 INFO  * Detected change in 'c:\\Users\\Admin\\Documents\\chatbot\\app.py', reloading
2025-08-14 16:43:02,568 INFO  * Detected change in 'c:\\Users\\Admin\\Documents\\chatbot\\app.py', reloading
2025-08-14 16:43:02,569 INFO  * Detected change in 'c:\\Users\\Admin\\Documents\\chatbot\\app.py', reloading
2025-08-14 16:43:02,855 INFO  * Detected change in 'c:\\Users\\Admin\\Documents\\chatbot\\app.py', reloading
2025-08-14 16:43:02,857 INFO  * Detected change in 'c:\\Users\\Admin\\Documents\\chatbot\\app.py', reloading
2025-08-14 16:43:02,858 INFO  * Detected change in 'c:\\Users\\Admin\\Documents\\chatbot\\app.py', reloading
2025-08-14 16:43:07,909 INFO [31m[1mWARNING: This is a development server. Do not use it in a production deployment. Use a production WSGI server instead.[0m
 * Running on all addresses (0.0.0.0)
 * Running on http://127.0.0.1:8000
 * Running on http://192.168.54.54:8000
2025-08-14 16:43:07,909 INFO [33mPress CTRL+C to quit[0m
2025-08-14 16:43:07,933 INFO  * Restarting with watchdog (windowsapi)
2025-08-14 16:43:09,544 WARNING  * Debugger is active!
2025-08-14 16:43:09,552 INFO  * Debugger PIN: 119-569-894
2025-08-14 16:43:20,529 INFO Calling Replicate model minimax/video-01 prompt=Generate video of dancing robot — Context: user: Generate video of dancing robot options={'duration': 5, 'fps': 12, 'width': 512, 'height': 288, 'steps': 20, 'samples': 1}
2025-08-14 16:44:21,063 INFO HTTP Request: POST https://api.replicate.com/v1/models/minimax/video-01/predictions "HTTP/1.1 202 Accepted"
2025-08-14 16:44:21,910 INFO HTTP Request: GET https://api.replicate.com/v1/predictions/7ggkz5z099rmc0crn149jqtpg0 "HTTP/1.1 200 OK"
2025-08-14 16:44:22,749 INFO HTTP Request: GET https://api.replicate.com/v1/predictions/7ggkz5z099rmc0crn149jqtpg0 "HTTP/1.1 200 OK"
2025-08-14 16:44:24,111 INFO HTTP Request: GET https://api.replicate.com/v1/predictions/7ggkz5z099rmc0crn149jqtpg0 "HTTP/1.1 200 OK"
2025-08-14 16:44:24,952 INFO HTTP Request: GET https://api.replicate.com/v1/predictions/7ggkz5z099rmc0crn149jqtpg0 "HTTP/1.1 200 OK"
2025-08-14 16:44:25,791 INFO HTTP Request: GET https://api.replicate.com/v1/predictions/7ggkz5z099rmc0crn149jqtpg0 "HTTP/1.1 200 OK"
2025-08-14 16:44:26,661 INFO HTTP Request: GET https://api.replicate.com/v1/predictions/7ggkz5z099rmc0crn149jqtpg0 "HTTP/1.1 200 OK"
2025-08-14 16:44:27,501 INFO HTTP Request: GET https://api.replicate.com/v1/predictions/7ggkz5z099rmc0crn149jqtpg0 "HTTP/1.1 200 OK"
2025-08-14 16:44:28,360 INFO HTTP Request: GET https://api.replicate.com/v1/predictions/7ggkz5z099rmc0crn149jqtpg0 "HTTP/1.1 200 OK"
2025-08-14 16:44:29,710 INFO HTTP Request: GET https://api.replicate.com/v1/predictions/7ggkz5z099rmc0crn149jqtpg0 "HTTP/1.1 200 OK"
2025-08-14 16:44:30,542 INFO HTTP Request: GET https://api.replicate.com/v1/predictions/7ggkz5z099rmc0crn149jqtpg0 "HTTP/1.1 200 OK"
2025-08-14 16:44:31,358 INFO HTTP Request: GET https://api.replicate.com/v1/predictions/7ggkz5z099rmc0crn149jqtpg0 "HTTP/1.1 200 OK"
2025-08-14 16:44:32,182 INFO HTTP Request: GET https://api.replicate.com/v1/predictions/7ggkz5z099rmc0crn149jqtpg0 "HTTP/1.1 200 OK"
2025-08-14 16:44:33,024 INFO HTTP Request: GET https://api.replicate.com/v1/predictions/7ggkz5z099rmc0crn149jqtpg0 "HTTP/1.1 200 OK"
2025-08-14 16:44:33,883 INFO HTTP Request: GET https://api.replicate.com/v1/predictions/7ggkz5z099rmc0crn149jqtpg0 "HTTP/1.1 200 OK"
2025-08-14 16:44:35,143 INFO HTTP Request: GET https://api.replicate.com/v1/predictions/7ggkz5z099rmc0crn149jqtpg0 "HTTP/1.1 200 OK"
2025-08-14 16:44:35,923 INFO HTTP Request: GET https://api.replicate.com/v1/predictions/7ggkz5z099rmc0crn149jqtpg0 "HTTP/1.1 200 OK"
2025-08-14 16:44:36,716 INFO HTTP Request: GET https://api.replicate.com/v1/predictions/7ggkz5z099rmc0crn149jqtpg0 "HTTP/1.1 200 OK"
2025-08-14 16:44:37,500 INFO HTTP Request: GET https://api.replicate.com/v1/predictions/7ggkz5z099rmc0crn149jqtpg0 "HTTP/1.1 200 OK"
2025-08-14 16:44:38,268 INFO HTTP Request: GET https://api.replicate.com/v1/predictions/7ggkz5z099rmc0crn149jqtpg0 "HTTP/1.1 200 OK"
2025-08-14 16:44:39,033 INFO HTTP Request: GET https://api.replicate.com/v1/predictions/7ggkz5z099rmc0crn149jqtpg0 "HTTP/1.1 200 OK"
2025-08-14 16:44:39,811 INFO HTTP Request: GET https://api.replicate.com/v1/predictions/7ggkz5z099rmc0crn149jqtpg0 "HTTP/1.1 200 OK"
2025-08-14 16:44:40,574 INFO HTTP Request: GET https://api.replicate.com/v1/predictions/7ggkz5z099rmc0crn149jqtpg0 "HTTP/1.1 200 OK"
2025-08-14 16:44:41,346 INFO HTTP Request: GET https://api.replicate.com/v1/predictions/7ggkz5z099rmc0crn149jqtpg0 "HTTP/1.1 200 OK"
2025-08-14 16:44:42,112 INFO HTTP Request: GET https://api.replicate.com/v1/predictions/7ggkz5z099rmc0crn149jqtpg0 "HTTP/1.1 200 OK"
2025-08-14 16:44:42,887 INFO HTTP Request: GET https://api.replicate.com/v1/predictions/7ggkz5z099rmc0crn149jqtpg0 "HTTP/1.1 200 OK"
2025-08-14 16:44:43,652 INFO HTTP Request: GET https://api.replicate.com/v1/predictions/7ggkz5z099rmc0crn149jqtpg0 "HTTP/1.1 200 OK"
2025-08-14 16:44:44,415 INFO HTTP Request: GET https://api.replicate.com/v1/predictions/7ggkz5z099rmc0crn149jqtpg0 "HTTP/1.1 200 OK"
2025-08-14 16:44:45,717 INFO HTTP Request: GET https://api.replicate.com/v1/predictions/7ggkz5z099rmc0crn149jqtpg0 "HTTP/1.1 200 OK"
2025-08-14 16:44:46,501 INFO HTTP Request: GET https://api.replicate.com/v1/predictions/7ggkz5z099rmc0crn149jqtpg0 "HTTP/1.1 200 OK"
2025-08-14 16:44:47,266 INFO HTTP Request: GET https://api.replicate.com/v1/predictions/7ggkz5z099rmc0crn149jqtpg0 "HTTP/1.1 200 OK"
2025-08-14 16:44:48,054 INFO HTTP Request: GET https://api.replicate.com/v1/predictions/7ggkz5z099rmc0crn149jqtpg0 "HTTP/1.1 200 OK"
2025-08-14 16:44:48,810 INFO HTTP Request: GET https://api.replicate.com/v1/predictions/7ggkz5z099rmc0crn149jqtpg0 "HTTP/1.1 200 OK"
2025-08-14 16:44:49,578 INFO HTTP Request: GET https://api.replicate.com/v1/predictions/7ggkz5z099rmc0crn149jqtpg0 "HTTP/1.1 200 OK"
2025-08-14 16:44:50,831 INFO HTTP Request: GET https://api.replicate.com/v1/predictions/7ggkz5z099rmc0crn149jqtpg0 "HTTP/1.1 200 OK"
2025-08-14 16:44:51,673 INFO HTTP Request: GET https://api.replicate.com/v1/predictions/7ggkz5z099rmc0crn149jqtpg0 "HTTP/1.1 200 OK"
2025-08-14 16:44:52,503 INFO HTTP Request: GET https://api.replicate.com/v1/predictions/7ggkz5z099rmc0crn149jqtpg0 "HTTP/1.1 200 OK"
2025-08-14 16:44:53,284 INFO HTTP Request: GET https://api.replicate.com/v1/predictions/7ggkz5z099rmc0crn149jqtpg0 "HTTP/1.1 200 OK"
2025-08-14 16:44:54,105 INFO HTTP Request: GET https://api.replicate.com/v1/predictions/7ggkz5z099rmc0crn149jqtpg0 "HTTP/1.1 200 OK"
2025-08-14 16:44:54,933 INFO HTTP Request: GET https://api.replicate.com/v1/predictions/7ggkz5z099rmc0crn149jqtpg0 "HTTP/1.1 200 OK"
2025-08-14 16:44:55,783 INFO HTTP Request: GET https://api.replicate.com/v1/predictions/7ggkz5z099rmc0crn149jqtpg0 "HTTP/1.1 200 OK"
2025-08-14 16:44:56,662 INFO HTTP Request: GET https://api.replicate.com/v1/predictions/7ggkz5z099rmc0crn149jqtpg0 "HTTP/1.1 200 OK"
2025-08-14 16:44:57,506 INFO HTTP Request: GET https://api.replicate.com/v1/predictions/7ggkz5z099rmc0crn149jqtpg0 "HTTP/1.1 200 OK"
2025-08-14 16:44:58,335 INFO HTTP Request: GET https://api.replicate.com/v1/predictions/7ggkz5z099rmc0crn149jqtpg0 "HTTP/1.1 200 OK"
2025-08-14 16:44:59,189 INFO HTTP Request: GET https://api.replicate.com/v1/predictions/7ggkz5z099rmc0crn149jqtpg0 "HTTP/1.1 200 OK"
2025-08-14 16:45:00,021 INFO HTTP Request: GET https://api.replicate.com/v1/predictions/7ggkz5z099rmc0crn149jqtpg0 "HTTP/1.1 200 OK"
2025-08-14 16:45:00,795 INFO HTTP Request: GET https://api.replicate.com/v1/predictions/7ggkz5z099rmc0crn149jqtpg0 "HTTP/1.1 200 OK"
2025-08-14 16:45:01,565 INFO HTTP Request: GET https://api.replicate.com/v1/predictions/7ggkz5z099rmc0crn149jqtpg0 "HTTP/1.1 200 OK"
2025-08-14 16:45:02,374 INFO HTTP Request: GET https://api.replicate.com/v1/predictions/7ggkz5z099rmc0crn149jqtpg0 "HTTP/1.1 200 OK"
2025-08-14 16:45:03,184 INFO HTTP Request: GET https://api.replicate.com/v1/predictions/7ggkz5z099rmc0crn149jqtpg0 "HTTP/1.1 200 OK"
2025-08-14 16:45:03,968 INFO HTTP Request: GET https://api.replicate.com/v1/predictions/7ggkz5z099rmc0crn149jqtpg0 "HTTP/1.1 200 OK"
2025-08-14 16:45:04,745 INFO HTTP Request: GET https://api.replicate.com/v1/predictions/7ggkz5z099rmc0crn149jqtpg0 "HTTP/1.1 200 OK"
2025-08-14 16:45:05,505 INFO HTTP Request: GET https://api.replicate.com/v1/predictions/7ggkz5z099rmc0crn149jqtpg0 "HTTP/1.1 200 OK"
2025-08-14 16:45:06,837 INFO HTTP Request: GET https://api.replicate.com/v1/predictions/7ggkz5z099rmc0crn149jqtpg0 "HTTP/1.1 200 OK"
2025-08-14 16:45:07,602 INFO HTTP Request: GET https://api.replicate.com/v1/predictions/7ggkz5z099rmc0crn149jqtpg0 "HTTP/1.1 200 OK"
2025-08-14 16:45:08,362 INFO HTTP Request: GET https://api.replicate.com/v1/predictions/7ggkz5z099rmc0crn149jqtpg0 "HTTP/1.1 200 OK"
2025-08-14 16:45:09,125 INFO HTTP Request: GET https://api.replicate.com/v1/predictions/7ggkz5z099rmc0crn149jqtpg0 "HTTP/1.1 200 OK"
2025-08-14 16:45:09,878 INFO HTTP Request: GET https://api.replicate.com/v1/predictions/7ggkz5z099rmc0crn149jqtpg0 "HTTP/1.1 200 OK"
2025-08-14 16:45:10,644 INFO HTTP Request: GET https://api.replicate.com/v1/predictions/7ggkz5z099rmc0crn149jqtpg0 "HTTP/1.1 200 OK"
2025-08-14 16:45:11,396 INFO HTTP Request: GET https://api.replicate.com/v1/predictions/7ggkz5z099rmc0crn149jqtpg0 "HTTP/1.1 200 OK"
2025-08-14 16:45:12,159 INFO HTTP Request: GET https://api.replicate.com/v1/predictions/7ggkz5z099rmc0crn149jqtpg0 "HTTP/1.1 200 OK"
2025-08-14 16:45:12,916 INFO HTTP Request: GET https://api.replicate.com/v1/predictions/7ggkz5z099rmc0crn149jqtpg0 "HTTP/1.1 200 OK"
2025-08-14 16:45:13,699 INFO HTTP Request: GET https://api.replicate.com/v1/predictions/7ggkz5z099rmc0crn149jqtpg0 "HTTP/1.1 200 OK"
2025-08-14 16:45:14,479 INFO HTTP Request: GET https://api.replicate.com/v1/predictions/7ggkz5z099rmc0crn149jqtpg0 "HTTP/1.1 200 OK"
2025-08-14 16:45:15,241 INFO HTTP Request: GET https://api.replicate.com/v1/predictions/7ggkz5z099rmc0crn149jqtpg0 "HTTP/1.1 200 OK"
2025-08-14 16:45:15,993 INFO HTTP Request: GET https://api.replicate.com/v1/predictions/7ggkz5z099rmc0crn149jqtpg0 "HTTP/1.1 200 OK"
2025-08-14 16:45:16,756 INFO HTTP Request: GET https://api.replicate.com/v1/predictions/7ggkz5z099rmc0crn149jqtpg0 "HTTP/1.1 200 OK"
2025-08-14 16:45:17,519 INFO HTTP Request: GET https://api.replicate.com/v1/predictions/7ggkz5z099rmc0crn149jqtpg0 "HTTP/1.1 200 OK"
2025-08-14 16:45:18,287 INFO HTTP Request: GET https://api.replicate.com/v1/predictions/7ggkz5z099rmc0crn149jqtpg0 "HTTP/1.1 200 OK"
2025-08-14 16:45:19,069 INFO HTTP Request: GET https://api.replicate.com/v1/predictions/7ggkz5z099rmc0crn149jqtpg0 "HTTP/1.1 200 OK"
2025-08-14 16:45:19,841 INFO HTTP Request: GET https://api.replicate.com/v1/predictions/7ggkz5z099rmc0crn149jqtpg0 "HTTP/1.1 200 OK"
2025-08-14 16:45:20,591 INFO HTTP Request: GET https://api.replicate.com/v1/predictions/7ggkz5z099rmc0crn149jqtpg0 "HTTP/1.1 200 OK"
2025-08-14 16:45:21,342 INFO HTTP Request: GET https://api.replicate.com/v1/predictions/7ggkz5z099rmc0crn149jqtpg0 "HTTP/1.1 200 OK"
2025-08-14 16:45:22,170 INFO HTTP Request: GET https://api.replicate.com/v1/predictions/7ggkz5z099rmc0crn149jqtpg0 "HTTP/1.1 200 OK"
2025-08-14 16:45:23,013 INFO HTTP Request: GET https://api.replicate.com/v1/predictions/7ggkz5z099rmc0crn149jqtpg0 "HTTP/1.1 200 OK"
2025-08-14 16:45:23,835 INFO HTTP Request: GET https://api.replicate.com/v1/predictions/7ggkz5z099rmc0crn149jqtpg0 "HTTP/1.1 200 OK"
2025-08-14 16:45:24,929 INFO HTTP Request: GET https://api.replicate.com/v1/predictions/7ggkz5z099rmc0crn149jqtpg0 "HTTP/1.1 200 OK"
2025-08-14 16:45:25,745 INFO HTTP Request: GET https://api.replicate.com/v1/predictions/7ggkz5z099rmc0crn149jqtpg0 "HTTP/1.1 200 OK"
2025-08-14 16:45:26,587 INFO HTTP Request: GET https://api.replicate.com/v1/predictions/7ggkz5z099rmc0crn149jqtpg0 "HTTP/1.1 200 OK"
2025-08-14 16:45:27,352 INFO HTTP Request: GET https://api.replicate.com/v1/predictions/7ggkz5z099rmc0crn149jqtpg0 "HTTP/1.1 200 OK"
2025-08-14 16:45:28,121 INFO HTTP Request: GET https://api.replicate.com/v1/predictions/7ggkz5z099rmc0crn149jqtpg0 "HTTP/1.1 200 OK"
2025-08-14 16:45:28,879 INFO HTTP Request: GET https://api.replicate.com/v1/predictions/7ggkz5z099rmc0crn149jqtpg0 "HTTP/1.1 200 OK"
2025-08-14 16:45:29,655 INFO HTTP Request: GET https://api.replicate.com/v1/predictions/7ggkz5z099rmc0crn149jqtpg0 "HTTP/1.1 200 OK"
2025-08-14 16:45:30,423 INFO HTTP Request: GET https://api.replicate.com/v1/predictions/7ggkz5z099rmc0crn149jqtpg0 "HTTP/1.1 200 OK"
2025-08-14 16:45:31,183 INFO HTTP Request: GET https://api.replicate.com/v1/predictions/7ggkz5z099rmc0crn149jqtpg0 "HTTP/1.1 200 OK"
2025-08-14 16:45:31,954 INFO HTTP Request: GET https://api.replicate.com/v1/predictions/7ggkz5z099rmc0crn149jqtpg0 "HTTP/1.1 200 OK"
2025-08-14 16:45:32,738 INFO HTTP Request: GET https://api.replicate.com/v1/predictions/7ggkz5z099rmc0crn149jqtpg0 "HTTP/1.1 200 OK"
2025-08-14 16:45:33,489 INFO HTTP Request: GET https://api.replicate.com/v1/predictions/7ggkz5z099rmc0crn149jqtpg0 "HTTP/1.1 200 OK"
2025-08-14 16:45:34,252 INFO HTTP Request: GET https://api.replicate.com/v1/predictions/7ggkz5z099rmc0crn149jqtpg0 "HTTP/1.1 200 OK"
2025-08-14 16:45:35,005 INFO HTTP Request: GET https://api.replicate.com/v1/predictions/7ggkz5z099rmc0crn149jqtpg0 "HTTP/1.1 200 OK"
2025-08-14 16:45:35,785 INFO HTTP Request: GET https://api.replicate.com/v1/predictions/7ggkz5z099rmc0crn149jqtpg0 "HTTP/1.1 200 OK"
2025-08-14 16:45:36,541 INFO HTTP Request: GET https://api.replicate.com/v1/predictions/7ggkz5z099rmc0crn149jqtpg0 "HTTP/1.1 200 OK"
2025-08-14 16:45:37,317 INFO HTTP Request: GET https://api.replicate.com/v1/predictions/7ggkz5z099rmc0crn149jqtpg0 "HTTP/1.1 200 OK"
2025-08-14 16:45:38,658 INFO HTTP Request: GET https://api.replicate.com/v1/predictions/7ggkz5z099rmc0crn149jqtpg0 "HTTP/1.1 200 OK"
2025-08-14 16:45:39,490 INFO HTTP Request: GET https://api.replicate.com/v1/predictions/7ggkz5z099rmc0crn149jqtpg0 "HTTP/1.1 200 OK"
2025-08-14 16:45:40,311 INFO HTTP Request: GET https://api.replicate.com/v1/predictions/7ggkz5z099rmc0crn149jqtpg0 "HTTP/1.1 200 OK"
2025-08-14 16:45:41,138 INFO HTTP Request: GET https://api.replicate.com/v1/predictions/7ggkz5z099rmc0crn149jqtpg0 "HTTP/1.1 200 OK"
2025-08-14 16:45:41,974 INFO HTTP Request: GET https://api.replicate.com/v1/predictions/7ggkz5z099rmc0crn149jqtpg0 "HTTP/1.1 200 OK"
2025-08-14 16:45:42,809 INFO HTTP Request: GET https://api.replicate.com/v1/predictions/7ggkz5z099rmc0crn149jqtpg0 "HTTP/1.1 200 OK"
2025-08-14 16:45:43,573 INFO HTTP Request: GET https://api.replicate.com/v1/predictions/7ggkz5z099rmc0crn149jqtpg0 "HTTP/1.1 200 OK"
2025-08-14 16:45:44,353 INFO HTTP Request: GET https://api.replicate.com/v1/predictions/7ggkz5z099rmc0crn149jqtpg0 "HTTP/1.1 200 OK"
2025-08-14 16:45:45,132 INFO HTTP Request: GET https://api.replicate.com/v1/predictions/7ggkz5z099rmc0crn149jqtpg0 "HTTP/1.1 200 OK"
2025-08-14 16:45:45,902 INFO HTTP Request: GET https://api.replicate.com/v1/predictions/7ggkz5z099rmc0crn149jqtpg0 "HTTP/1.1 200 OK"
2025-08-14 16:45:46,665 INFO HTTP Request: GET https://api.replicate.com/v1/predictions/7ggkz5z099rmc0crn149jqtpg0 "HTTP/1.1 200 OK"
2025-08-14 16:45:47,425 INFO HTTP Request: GET https://api.replicate.com/v1/predictions/7ggkz5z099rmc0crn149jqtpg0 "HTTP/1.1 200 OK"
2025-08-14 16:45:48,201 INFO HTTP Request: GET https://api.replicate.com/v1/predictions/7ggkz5z099rmc0crn149jqtpg0 "HTTP/1.1 200 OK"
2025-08-14 16:45:49,034 INFO HTTP Request: GET https://api.replicate.com/v1/predictions/7ggkz5z099rmc0crn149jqtpg0 "HTTP/1.1 200 OK"
2025-08-14 16:45:49,860 INFO HTTP Request: GET https://api.replicate.com/v1/predictions/7ggkz5z099rmc0crn149jqtpg0 "HTTP/1.1 200 OK"
2025-08-14 16:45:50,675 INFO HTTP Request: GET https://api.replicate.com/v1/predictions/7ggkz5z099rmc0crn149jqtpg0 "HTTP/1.1 200 OK"
2025-08-14 16:45:51,486 INFO HTTP Request: GET https://api.replicate.com/v1/predictions/7ggkz5z099rmc0crn149jqtpg0 "HTTP/1.1 200 OK"
2025-08-14 16:45:52,301 INFO HTTP Request: GET https://api.replicate.com/v1/predictions/7ggkz5z099rmc0crn149jqtpg0 "HTTP/1.1 200 OK"
2025-08-14 16:45:53,141 INFO HTTP Request: GET https://api.replicate.com/v1/predictions/7ggkz5z099rmc0crn149jqtpg0 "HTTP/1.1 200 OK"
2025-08-14 16:45:53,954 INFO HTTP Request: GET https://api.replicate.com/v1/predictions/7ggkz5z099rmc0crn149jqtpg0 "HTTP/1.1 200 OK"
2025-08-14 16:45:54,775 INFO HTTP Request: GET https://api.replicate.com/v1/predictions/7ggkz5z099rmc0crn149jqtpg0 "HTTP/1.1 200 OK"
2025-08-14 16:45:55,767 INFO HTTP Request: GET https://api.replicate.com/v1/predictions/7ggkz5z099rmc0crn149jqtpg0 "HTTP/1.1 200 OK"
2025-08-14 16:45:56,594 INFO HTTP Request: GET https://api.replicate.com/v1/predictions/7ggkz5z099rmc0crn149jqtpg0 "HTTP/1.1 200 OK"
2025-08-14 16:45:57,422 INFO HTTP Request: GET https://api.replicate.com/v1/predictions/7ggkz5z099rmc0crn149jqtpg0 "HTTP/1.1 200 OK"
2025-08-14 16:45:58,244 INFO HTTP Request: GET https://api.replicate.com/v1/predictions/7ggkz5z099rmc0crn149jqtpg0 "HTTP/1.1 200 OK"
2025-08-14 16:45:59,058 INFO HTTP Request: GET https://api.replicate.com/v1/predictions/7ggkz5z099rmc0crn149jqtpg0 "HTTP/1.1 200 OK"
2025-08-14 16:45:59,841 INFO HTTP Request: GET https://api.replicate.com/v1/predictions/7ggkz5z099rmc0crn149jqtpg0 "HTTP/1.1 200 OK"
2025-08-14 16:46:00,620 INFO HTTP Request: GET https://api.replicate.com/v1/predictions/7ggkz5z099rmc0crn149jqtpg0 "HTTP/1.1 200 OK"
2025-08-14 16:46:01,401 INFO HTTP Request: GET https://api.replicate.com/v1/predictions/7ggkz5z099rmc0crn149jqtpg0 "HTTP/1.1 200 OK"
2025-08-14 16:46:02,172 INFO HTTP Request: GET https://api.replicate.com/v1/predictions/7ggkz5z099rmc0crn149jqtpg0 "HTTP/1.1 200 OK"
2025-08-14 16:46:02,925 INFO HTTP Request: GET https://api.replicate.com/v1/predictions/7ggkz5z099rmc0crn149jqtpg0 "HTTP/1.1 200 OK"
2025-08-14 16:46:03,682 INFO HTTP Request: GET https://api.replicate.com/v1/predictions/7ggkz5z099rmc0crn149jqtpg0 "HTTP/1.1 200 OK"
2025-08-14 16:46:04,434 INFO HTTP Request: GET https://api.replicate.com/v1/predictions/7ggkz5z099rmc0crn149jqtpg0 "HTTP/1.1 200 OK"
2025-08-14 16:46:05,982 INFO HTTP Request: GET https://api.replicate.com/v1/predictions/7ggkz5z099rmc0crn149jqtpg0 "HTTP/1.1 200 OK"
2025-08-14 16:46:06,810 INFO HTTP Request: GET https://api.replicate.com/v1/predictions/7ggkz5z099rmc0crn149jqtpg0 "HTTP/1.1 200 OK"
2025-08-14 16:46:07,629 INFO HTTP Request: GET https://api.replicate.com/v1/predictions/7ggkz5z099rmc0crn149jqtpg0 "HTTP/1.1 200 OK"
2025-08-14 16:46:08,447 INFO HTTP Request: GET https://api.replicate.com/v1/predictions/7ggkz5z099rmc0crn149jqtpg0 "HTTP/1.1 200 OK"
2025-08-14 16:46:09,275 INFO HTTP Request: GET https://api.replicate.com/v1/predictions/7ggkz5z099rmc0crn149jqtpg0 "HTTP/1.1 200 OK"
2025-08-14 16:46:10,101 INFO HTTP Request: GET https://api.replicate.com/v1/predictions/7ggkz5z099rmc0crn149jqtpg0 "HTTP/1.1 200 OK"
2025-08-14 16:46:10,935 INFO HTTP Request: GET https://api.replicate.com/v1/predictions/7ggkz5z099rmc0crn149jqtpg0 "HTTP/1.1 200 OK"
2025-08-14 16:46:11,758 INFO HTTP Request: GET https://api.replicate.com/v1/predictions/7ggkz5z099rmc0crn149jqtpg0 "HTTP/1.1 200 OK"
2025-08-14 16:46:12,579 INFO HTTP Request: GET https://api.replicate.com/v1/predictions/7ggkz5z099rmc0crn149jqtpg0 "HTTP/1.1 200 OK"
2025-08-14 16:46:13,397 INFO HTTP Request: GET https://api.replicate.com/v1/predictions/7ggkz5z099rmc0crn149jqtpg0 "HTTP/1.1 200 OK"
2025-08-14 16:46:14,217 INFO HTTP Request: GET https://api.replicate.com/v1/predictions/7ggkz5z099rmc0crn149jqtpg0 "HTTP/1.1 200 OK"
2025-08-14 16:46:15,038 INFO HTTP Request: GET https://api.replicate.com/v1/predictions/7ggkz5z099rmc0crn149jqtpg0 "HTTP/1.1 200 OK"
2025-08-14 16:46:15,854 INFO HTTP Request: GET https://api.replicate.com/v1/predictions/7ggkz5z099rmc0crn149jqtpg0 "HTTP/1.1 200 OK"
2025-08-14 16:46:16,682 INFO HTTP Request: GET https://api.replicate.com/v1/predictions/7ggkz5z099rmc0crn149jqtpg0 "HTTP/1.1 200 OK"
2025-08-14 16:46:17,507 INFO HTTP Request: GET https://api.replicate.com/v1/predictions/7ggkz5z099rmc0crn149jqtpg0 "HTTP/1.1 200 OK"
2025-08-14 16:46:18,309 INFO HTTP Request: GET https://api.replicate.com/v1/predictions/7ggkz5z099rmc0crn149jqtpg0 "HTTP/1.1 200 OK"
2025-08-14 16:46:19,122 INFO HTTP Request: GET https://api.replicate.com/v1/predictions/7ggkz5z099rmc0crn149jqtpg0 "HTTP/1.1 200 OK"
2025-08-14 16:46:19,937 INFO HTTP Request: GET https://api.replicate.com/v1/predictions/7ggkz5z099rmc0crn149jqtpg0 "HTTP/1.1 200 OK"
2025-08-14 16:46:20,757 INFO HTTP Request: GET https://api.replicate.com/v1/predictions/7ggkz5z099rmc0crn149jqtpg0 "HTTP/1.1 200 OK"
2025-08-14 16:46:21,524 INFO HTTP Request: GET https://api.replicate.com/v1/predictions/7ggkz5z099rmc0crn149jqtpg0 "HTTP/1.1 200 OK"
2025-08-14 16:46:21,526 INFO Replicate run finished in 181.00 seconds
2025-08-14 16:46:21,526 INFO Downloading generated video https://replicate.delivery/xezq/6GQDQncD7SYQEdiBWo0pjb8fFTbxetVl9deBJZOana1Q8uVqA/tmpunbnunp9.mp4 -> C:\Users\Admin\Documents\chatbot\generated_videos\f940b98ea61042a6b25ed6149e4fedca.mp4
2025-08-14 16:46:24,207 INFO Saved generation to cache for prompt: generate video of dancing robot — context: user: generate video of dancing robot -> C:\Users\Admin\Documents\chatbot\generated_videos\f940b98ea61042a6b25ed6149e4fedca.mp4
2025-08-14 16:46:24,285 INFO 127.0.0.1 - - [14/Aug/2025 16:46:24] "POST /api/generate-video HTTP/1.1" 200 -
2025-08-14 16:51:46,319 INFO 127.0.0.1 - - [14/Aug/2025 16:51:46] "POST /api/session HTTP/1.1" 200 -
2025-08-14 16:53:04,280 INFO 127.0.0.1 - - [14/Aug/2025 16:53:04] "OPTIONS /api/generate-video HTTP/1.1" 200 -
2025-08-14 16:53:04,626 INFO Calling Replicate model minimax/video-01 prompt=bear roaming around house — Context: user: bear roaming around house options={'duration': 5, 'fps': 12, 'width': 512, 'height': 288, 'steps': 20, 'samples': 1}
2025-08-14 16:53:18,734 INFO 127.0.0.1 - - [14/Aug/2025 16:53:18] "POST /api/session HTTP/1.1" 200 -
2025-08-14 16:53:18,735 INFO 127.0.0.1 - - [14/Aug/2025 16:53:18] "POST /api/session HTTP/1.1" 200 -
2025-08-14 16:53:21,710 INFO 127.0.0.1 - - [14/Aug/2025 16:53:21] "OPTIONS /api/generate-video HTTP/1.1" 200 -
2025-08-14 16:53:22,063 INFO Calling Replicate model minimax/video-01 prompt=A calm forest with falling leaves and soft sunlight, 6s — Context: user: A calm forest with falling leaves and soft sunl options={'duration': 5, 'fps': 12, 'width': 512, 'height': 288, 'steps': 20, 'samples': 1}
2025-08-14 16:54:05,091 INFO HTTP Request: POST https://api.replicate.com/v1/models/minimax/video-01/predictions "HTTP/1.1 202 Accepted"
2025-08-14 16:54:05,878 INFO HTTP Request: GET https://api.replicate.com/v1/predictions/27gchm682nrm80crn18rc9atdw "HTTP/1.1 200 OK"
2025-08-14 16:54:06,650 INFO HTTP Request: GET https://api.replicate.com/v1/predictions/27gchm682nrm80crn18rc9atdw "HTTP/1.1 200 OK"
2025-08-14 16:54:07,409 INFO HTTP Request: GET https://api.replicate.com/v1/predictions/27gchm682nrm80crn18rc9atdw "HTTP/1.1 200 OK"
2025-08-14 16:54:08,200 INFO HTTP Request: GET https://api.replicate.com/v1/predictions/27gchm682nrm80crn18rc9atdw "HTTP/1.1 200 OK"
2025-08-14 16:54:09,015 INFO HTTP Request: GET https://api.replicate.com/v1/predictions/27gchm682nrm80crn18rc9atdw "HTTP/1.1 200 OK"
2025-08-14 16:54:10,453 INFO HTTP Request: GET https://api.replicate.com/v1/predictions/27gchm682nrm80crn18rc9atdw "HTTP/1.1 200 OK"
2025-08-14 16:54:11,256 INFO HTTP Request: GET https://api.replicate.com/v1/predictions/27gchm682nrm80crn18rc9atdw "HTTP/1.1 200 OK"
2025-08-14 16:54:12,086 INFO HTTP Request: GET https://api.replicate.com/v1/predictions/27gchm682nrm80crn18rc9atdw "HTTP/1.1 200 OK"
2025-08-14 16:54:12,931 INFO HTTP Request: GET https://api.replicate.com/v1/predictions/27gchm682nrm80crn18rc9atdw "HTTP/1.1 200 OK"
2025-08-14 16:54:13,770 INFO HTTP Request: GET https://api.replicate.com/v1/predictions/27gchm682nrm80crn18rc9atdw "HTTP/1.1 200 OK"
2025-08-14 16:54:14,626 INFO HTTP Request: GET https://api.replicate.com/v1/predictions/27gchm682nrm80crn18rc9atdw "HTTP/1.1 200 OK"
2025-08-14 16:54:15,643 INFO HTTP Request: GET https://api.replicate.com/v1/predictions/27gchm682nrm80crn18rc9atdw "HTTP/1.1 200 OK"
2025-08-14 16:54:16,501 INFO HTTP Request: GET https://api.replicate.com/v1/predictions/27gchm682nrm80crn18rc9atdw "HTTP/1.1 200 OK"
2025-08-14 16:54:17,318 INFO HTTP Request: GET https://api.replicate.com/v1/predictions/27gchm682nrm80crn18rc9atdw "HTTP/1.1 200 OK"
2025-08-14 16:54:18,136 INFO HTTP Request: GET https://api.replicate.com/v1/predictions/27gchm682nrm80crn18rc9atdw "HTTP/1.1 200 OK"
2025-08-14 16:54:18,958 INFO HTTP Request: GET https://api.replicate.com/v1/predictions/27gchm682nrm80crn18rc9atdw "HTTP/1.1 200 OK"
2025-08-14 16:54:19,786 INFO HTTP Request: GET https://api.replicate.com/v1/predictions/27gchm682nrm80crn18rc9atdw "HTTP/1.1 200 OK"
2025-08-14 16:54:20,615 INFO HTTP Request: GET https://api.replicate.com/v1/predictions/27gchm682nrm80crn18rc9atdw "HTTP/1.1 200 OK"
2025-08-14 16:54:21,546 INFO HTTP Request: GET https://api.replicate.com/v1/predictions/27gchm682nrm80crn18rc9atdw "HTTP/1.1 200 OK"
2025-08-14 16:54:22,251 INFO HTTP Request: POST https://api.replicate.com/v1/models/minimax/video-01/predictions "HTTP/1.1 202 Accepted"
2025-08-14 16:54:22,367 INFO HTTP Request: GET https://api.replicate.com/v1/predictions/27gchm682nrm80crn18rc9atdw "HTTP/1.1 200 OK"
2025-08-14 16:54:23,137 INFO HTTP Request: GET https://api.replicate.com/v1/predictions/05y8ag8cwdrma0crn199y085yr "HTTP/1.1 200 OK"
2025-08-14 16:54:23,715 INFO HTTP Request: GET https://api.replicate.com/v1/predictions/27gchm682nrm80crn18rc9atdw "HTTP/1.1 200 OK"
2025-08-14 16:54:23,940 INFO HTTP Request: GET https://api.replicate.com/v1/predictions/05y8ag8cwdrma0crn199y085yr "HTTP/1.1 200 OK"
2025-08-14 16:54:24,500 INFO HTTP Request: GET https://api.replicate.com/v1/predictions/27gchm682nrm80crn18rc9atdw "HTTP/1.1 200 OK"
2025-08-14 16:54:24,762 INFO HTTP Request: GET https://api.replicate.com/v1/predictions/05y8ag8cwdrma0crn199y085yr "HTTP/1.1 200 OK"
2025-08-14 16:54:25,286 INFO HTTP Request: GET https://api.replicate.com/v1/predictions/27gchm682nrm80crn18rc9atdw "HTTP/1.1 200 OK"
2025-08-14 16:54:25,576 INFO HTTP Request: GET https://api.replicate.com/v1/predictions/05y8ag8cwdrma0crn199y085yr "HTTP/1.1 200 OK"
2025-08-14 16:54:26,061 INFO HTTP Request: GET https://api.replicate.com/v1/predictions/27gchm682nrm80crn18rc9atdw "HTTP/1.1 200 OK"
2025-08-14 16:54:26,334 INFO HTTP Request: GET https://api.replicate.com/v1/predictions/05y8ag8cwdrma0crn199y085yr "HTTP/1.1 200 OK"
2025-08-14 16:54:26,828 INFO HTTP Request: GET https://api.replicate.com/v1/predictions/27gchm682nrm80crn18rc9atdw "HTTP/1.1 200 OK"
2025-08-14 16:54:27,096 INFO HTTP Request: GET https://api.replicate.com/v1/predictions/05y8ag8cwdrma0crn199y085yr "HTTP/1.1 200 OK"
2025-08-14 16:54:27,587 INFO HTTP Request: GET https://api.replicate.com/v1/predictions/27gchm682nrm80crn18rc9atdw "HTTP/1.1 200 OK"
2025-08-14 16:54:27,853 INFO HTTP Request: GET https://api.replicate.com/v1/predictions/05y8ag8cwdrma0crn199y085yr "HTTP/1.1 200 OK"
2025-08-14 16:54:28,351 INFO HTTP Request: GET https://api.replicate.com/v1/predictions/27gchm682nrm80crn18rc9atdw "HTTP/1.1 200 OK"
2025-08-14 16:54:28,631 INFO HTTP Request: GET https://api.replicate.com/v1/predictions/05y8ag8cwdrma0crn199y085yr "HTTP/1.1 200 OK"
2025-08-14 16:54:29,109 INFO HTTP Request: GET https://api.replicate.com/v1/predictions/27gchm682nrm80crn18rc9atdw "HTTP/1.1 200 OK"
2025-08-14 16:54:29,400 INFO HTTP Request: GET https://api.replicate.com/v1/predictions/05y8ag8cwdrma0crn199y085yr "HTTP/1.1 200 OK"
2025-08-14 16:54:29,870 INFO HTTP Request: GET https://api.replicate.com/v1/predictions/27gchm682nrm80crn18rc9atdw "HTTP/1.1 200 OK"
2025-08-14 16:54:30,178 INFO HTTP Request: GET https://api.replicate.com/v1/predictions/05y8ag8cwdrma0crn199y085yr "HTTP/1.1 200 OK"
2025-08-14 16:54:30,652 INFO HTTP Request: GET https://api.replicate.com/v1/predictions/27gchm682nrm80crn18rc9atdw "HTTP/1.1 200 OK"
2025-08-14 16:54:30,950 INFO HTTP Request: GET https://api.replicate.com/v1/predictions/05y8ag8cwdrma0crn199y085yr "HTTP/1.1 200 OK"
2025-08-14 16:54:31,425 INFO HTTP Request: GET https://api.replicate.com/v1/predictions/27gchm682nrm80crn18rc9atdw "HTTP/1.1 200 OK"
2025-08-14 16:54:31,722 INFO HTTP Request: GET https://api.replicate.com/v1/predictions/05y8ag8cwdrma0crn199y085yr "HTTP/1.1 200 OK"
2025-08-14 16:54:32,723 INFO HTTP Request: GET https://api.replicate.com/v1/predictions/27gchm682nrm80crn18rc9atdw "HTTP/1.1 200 OK"
2025-08-14 16:54:33,160 INFO HTTP Request: GET https://api.replicate.com/v1/predictions/05y8ag8cwdrma0crn199y085yr "HTTP/1.1 200 OK"
2025-08-14 16:54:33,530 INFO HTTP Request: GET https://api.replicate.com/v1/predictions/27gchm682nrm80crn18rc9atdw "HTTP/1.1 200 OK"
2025-08-14 16:54:33,976 INFO HTTP Request: GET https://api.replicate.com/v1/predictions/05y8ag8cwdrma0crn199y085yr "HTTP/1.1 200 OK"
2025-08-14 16:54:34,343 INFO HTTP Request: GET https://api.replicate.com/v1/predictions/27gchm682nrm80crn18rc9atdw "HTTP/1.1 200 OK"
2025-08-14 16:54:34,794 INFO HTTP Request: GET https://api.replicate.com/v1/predictions/05y8ag8cwdrma0crn199y085yr "HTTP/1.1 200 OK"
2025-08-14 16:54:35,155 INFO HTTP Request: GET https://api.replicate.com/v1/predictions/27gchm682nrm80crn18rc9atdw "HTTP/1.1 200 OK"
2025-08-14 16:54:35,610 INFO HTTP Request: GET https://api.replicate.com/v1/predictions/05y8ag8cwdrma0crn199y085yr "HTTP/1.1 200 OK"
2025-08-14 16:54:35,963 INFO HTTP Request: GET https://api.replicate.com/v1/predictions/27gchm682nrm80crn18rc9atdw "HTTP/1.1 200 OK"
2025-08-14 16:54:36,434 INFO HTTP Request: GET https://api.replicate.com/v1/predictions/05y8ag8cwdrma0crn199y085yr "HTTP/1.1 200 OK"
2025-08-14 16:54:36,784 INFO HTTP Request: GET https://api.replicate.com/v1/predictions/27gchm682nrm80crn18rc9atdw "HTTP/1.1 200 OK"
2025-08-14 16:54:37,585 INFO HTTP Request: GET https://api.replicate.com/v1/predictions/27gchm682nrm80crn18rc9atdw "HTTP/1.1 200 OK"
2025-08-14 16:54:37,598 INFO HTTP Request: GET https://api.replicate.com/v1/predictions/05y8ag8cwdrma0crn199y085yr "HTTP/1.1 200 OK"
2025-08-14 16:54:38,343 INFO HTTP Request: GET https://api.replicate.com/v1/predictions/27gchm682nrm80crn18rc9atdw "HTTP/1.1 200 OK"
2025-08-14 16:54:38,746 INFO HTTP Request: GET https://api.replicate.com/v1/predictions/05y8ag8cwdrma0crn199y085yr "HTTP/1.1 200 OK"
2025-08-14 16:54:39,109 INFO HTTP Request: GET https://api.replicate.com/v1/predictions/27gchm682nrm80crn18rc9atdw "HTTP/1.1 200 OK"
2025-08-14 16:54:39,511 INFO HTTP Request: GET https://api.replicate.com/v1/predictions/05y8ag8cwdrma0crn199y085yr "HTTP/1.1 200 OK"
2025-08-14 16:54:39,928 INFO HTTP Request: GET https://api.replicate.com/v1/predictions/27gchm682nrm80crn18rc9atdw "HTTP/1.1 200 OK"
2025-08-14 16:54:40,266 INFO HTTP Request: GET https://api.replicate.com/v1/predictions/05y8ag8cwdrma0crn199y085yr "HTTP/1.1 200 OK"
2025-08-14 16:54:40,687 INFO HTTP Request: GET https://api.replicate.com/v1/predictions/27gchm682nrm80crn18rc9atdw "HTTP/1.1 200 OK"
2025-08-14 16:54:41,043 INFO HTTP Request: GET https://api.replicate.com/v1/predictions/05y8ag8cwdrma0crn199y085yr "HTTP/1.1 200 OK"
2025-08-14 16:54:41,456 INFO HTTP Request: GET https://api.replicate.com/v1/predictions/27gchm682nrm80crn18rc9atdw "HTTP/1.1 200 OK"
2025-08-14 16:54:41,810 INFO HTTP Request: GET https://api.replicate.com/v1/predictions/05y8ag8cwdrma0crn199y085yr "HTTP/1.1 200 OK"
2025-08-14 16:54:42,263 INFO HTTP Request: GET https://api.replicate.com/v1/predictions/27gchm682nrm80crn18rc9atdw "HTTP/1.1 200 OK"
2025-08-14 16:54:42,663 INFO HTTP Request: GET https://api.replicate.com/v1/predictions/05y8ag8cwdrma0crn199y085yr "HTTP/1.1 200 OK"
2025-08-14 16:54:43,079 INFO HTTP Request: GET https://api.replicate.com/v1/predictions/27gchm682nrm80crn18rc9atdw "HTTP/1.1 200 OK"
2025-08-14 16:54:43,479 INFO HTTP Request: GET https://api.replicate.com/v1/predictions/05y8ag8cwdrma0crn199y085yr "HTTP/1.1 200 OK"
2025-08-14 16:54:43,893 INFO HTTP Request: GET https://api.replicate.com/v1/predictions/27gchm682nrm80crn18rc9atdw "HTTP/1.1 200 OK"
2025-08-14 16:54:44,289 INFO HTTP Request: GET https://api.replicate.com/v1/predictions/05y8ag8cwdrma0crn199y085yr "HTTP/1.1 200 OK"
2025-08-14 16:54:44,702 INFO HTTP Request: GET https://api.replicate.com/v1/predictions/27gchm682nrm80crn18rc9atdw "HTTP/1.1 200 OK"
2025-08-14 16:54:45,109 INFO HTTP Request: GET https://api.replicate.com/v1/predictions/05y8ag8cwdrma0crn199y085yr "HTTP/1.1 200 OK"
2025-08-14 16:54:45,505 INFO HTTP Request: GET https://api.replicate.com/v1/predictions/27gchm682nrm80crn18rc9atdw "HTTP/1.1 200 OK"
2025-08-14 16:54:45,923 INFO HTTP Request: GET https://api.replicate.com/v1/predictions/05y8ag8cwdrma0crn199y085yr "HTTP/1.1 200 OK"
2025-08-14 16:54:46,328 INFO HTTP Request: GET https://api.replicate.com/v1/predictions/27gchm682nrm80crn18rc9atdw "HTTP/1.1 200 OK"
2025-08-14 16:54:46,743 INFO HTTP Request: GET https://api.replicate.com/v1/predictions/05y8ag8cwdrma0crn199y085yr "HTTP/1.1 200 OK"
2025-08-14 16:54:47,141 INFO HTTP Request: GET https://api.replicate.com/v1/predictions/27gchm682nrm80crn18rc9atdw "HTTP/1.1 200 OK"
2025-08-14 16:54:47,545 INFO HTTP Request: GET https://api.replicate.com/v1/predictions/05y8ag8cwdrma0crn199y085yr "HTTP/1.1 200 OK"
2025-08-14 16:54:47,952 INFO HTTP Request: GET https://api.replicate.com/v1/predictions/27gchm682nrm80crn18rc9atdw "HTTP/1.1 200 OK"
2025-08-14 16:54:48,372 INFO HTTP Request: GET https://api.replicate.com/v1/predictions/05y8ag8cwdrma0crn199y085yr "HTTP/1.1 200 OK"
2025-08-14 16:54:48,763 INFO HTTP Request: GET https://api.replicate.com/v1/predictions/27gchm682nrm80crn18rc9atdw "HTTP/1.1 200 OK"
2025-08-14 16:54:49,209 INFO HTTP Request: GET https://api.replicate.com/v1/predictions/05y8ag8cwdrma0crn199y085yr "HTTP/1.1 200 OK"
2025-08-14 16:54:49,611 INFO HTTP Request: GET https://api.replicate.com/v1/predictions/27gchm682nrm80crn18rc9atdw "HTTP/1.1 200 OK"
2025-08-14 16:54:50,028 INFO HTTP Request: GET https://api.replicate.com/v1/predictions/05y8ag8cwdrma0crn199y085yr "HTTP/1.1 200 OK"
2025-08-14 16:54:50,482 INFO HTTP Request: GET https://api.replicate.com/v1/predictions/27gchm682nrm80crn18rc9atdw "HTTP/1.1 200 OK"
2025-08-14 16:54:50,854 INFO HTTP Request: GET https://api.replicate.com/v1/predictions/05y8ag8cwdrma0crn199y085yr "HTTP/1.1 200 OK"
2025-08-14 16:54:51,292 INFO HTTP Request: GET https://api.replicate.com/v1/predictions/27gchm682nrm80crn18rc9atdw "HTTP/1.1 200 OK"
2025-08-14 16:54:51,668 INFO HTTP Request: GET https://api.replicate.com/v1/predictions/05y8ag8cwdrma0crn199y085yr "HTTP/1.1 200 OK"
2025-08-14 16:54:52,104 INFO HTTP Request: GET https://api.replicate.com/v1/predictions/27gchm682nrm80crn18rc9atdw "HTTP/1.1 200 OK"
2025-08-14 16:54:52,478 INFO HTTP Request: GET https://api.replicate.com/v1/predictions/05y8ag8cwdrma0crn199y085yr "HTTP/1.1 200 OK"
2025-08-14 16:54:53,254 INFO HTTP Request: GET https://api.replicate.com/v1/predictions/27gchm682nrm80crn18rc9atdw "HTTP/1.1 200 OK"
2025-08-14 16:54:53,723 INFO HTTP Request: GET https://api.replicate.com/v1/predictions/05y8ag8cwdrma0crn199y085yr "HTTP/1.1 200 OK"
2025-08-14 16:54:54,035 INFO HTTP Request: GET https://api.replicate.com/v1/predictions/27gchm682nrm80crn18rc9atdw "HTTP/1.1 200 OK"
2025-08-14 16:54:54,486 INFO HTTP Request: GET https://api.replicate.com/v1/predictions/05y8ag8cwdrma0crn199y085yr "HTTP/1.1 200 OK"
2025-08-14 16:54:54,796 INFO HTTP Request: GET https://api.replicate.com/v1/predictions/27gchm682nrm80crn18rc9atdw "HTTP/1.1 200 OK"
2025-08-14 16:54:55,260 INFO HTTP Request: GET https://api.replicate.com/v1/predictions/05y8ag8cwdrma0crn199y085yr "HTTP/1.1 200 OK"
2025-08-14 16:54:55,633 INFO HTTP Request: GET https://api.replicate.com/v1/predictions/27gchm682nrm80crn18rc9atdw "HTTP/1.1 200 OK"
2025-08-14 16:54:56,026 INFO HTTP Request: GET https://api.replicate.com/v1/predictions/05y8ag8cwdrma0crn199y085yr "HTTP/1.1 200 OK"
2025-08-14 16:54:56,390 INFO HTTP Request: GET https://api.replicate.com/v1/predictions/27gchm682nrm80crn18rc9atdw "HTTP/1.1 200 OK"
2025-08-14 16:54:56,786 INFO HTTP Request: GET https://api.replicate.com/v1/predictions/05y8ag8cwdrma0crn199y085yr "HTTP/1.1 200 OK"
2025-08-14 16:54:57,151 INFO HTTP Request: GET https://api.replicate.com/v1/predictions/27gchm682nrm80crn18rc9atdw "HTTP/1.1 200 OK"
2025-08-14 16:54:57,536 INFO HTTP Request: GET https://api.replicate.com/v1/predictions/05y8ag8cwdrma0crn199y085yr "HTTP/1.1 200 OK"
2025-08-14 16:54:57,976 INFO HTTP Request: GET https://api.replicate.com/v1/predictions/27gchm682nrm80crn18rc9atdw "HTTP/1.1 200 OK"
2025-08-14 16:54:58,344 INFO HTTP Request: GET https://api.replicate.com/v1/predictions/05y8ag8cwdrma0crn199y085yr "HTTP/1.1 200 OK"
2025-08-14 16:54:58,797 INFO HTTP Request: GET https://api.replicate.com/v1/predictions/27gchm682nrm80crn18rc9atdw "HTTP/1.1 200 OK"
2025-08-14 16:54:59,166 INFO HTTP Request: GET https://api.replicate.com/v1/predictions/05y8ag8cwdrma0crn199y085yr "HTTP/1.1 200 OK"
2025-08-14 16:54:59,607 INFO HTTP Request: GET https://api.replicate.com/v1/predictions/27gchm682nrm80crn18rc9atdw "HTTP/1.1 200 OK"
2025-08-14 16:54:59,975 INFO HTTP Request: GET https://api.replicate.com/v1/predictions/05y8ag8cwdrma0crn199y085yr "HTTP/1.1 200 OK"
2025-08-14 16:55:00,427 INFO HTTP Request: GET https://api.replicate.com/v1/predictions/27gchm682nrm80crn18rc9atdw "HTTP/1.1 200 OK"
2025-08-14 16:55:00,779 INFO HTTP Request: GET https://api.replicate.com/v1/predictions/05y8ag8cwdrma0crn199y085yr "HTTP/1.1 200 OK"
2025-08-14 16:55:01,234 INFO HTTP Request: GET https://api.replicate.com/v1/predictions/27gchm682nrm80crn18rc9atdw "HTTP/1.1 200 OK"
2025-08-14 16:55:01,622 INFO HTTP Request: GET https://api.replicate.com/v1/predictions/05y8ag8cwdrma0crn199y085yr "HTTP/1.1 200 OK"
2025-08-14 16:55:02,065 INFO HTTP Request: GET https://api.replicate.com/v1/predictions/27gchm682nrm80crn18rc9atdw "HTTP/1.1 200 OK"
2025-08-14 16:55:02,445 INFO HTTP Request: GET https://api.replicate.com/v1/predictions/05y8ag8cwdrma0crn199y085yr "HTTP/1.1 200 OK"
2025-08-14 16:55:02,876 INFO HTTP Request: GET https://api.replicate.com/v1/predictions/27gchm682nrm80crn18rc9atdw "HTTP/1.1 200 OK"
2025-08-14 16:55:03,597 INFO HTTP Request: GET https://api.replicate.com/v1/predictions/05y8ag8cwdrma0crn199y085yr "HTTP/1.1 200 OK"
2025-08-14 16:55:04,121 INFO HTTP Request: GET https://api.replicate.com/v1/predictions/27gchm682nrm80crn18rc9atdw "HTTP/1.1 200 OK"
2025-08-14 16:55:04,357 INFO HTTP Request: GET https://api.replicate.com/v1/predictions/05y8ag8cwdrma0crn199y085yr "HTTP/1.1 200 OK"
2025-08-14 16:55:04,897 INFO HTTP Request: GET https://api.replicate.com/v1/predictions/27gchm682nrm80crn18rc9atdw "HTTP/1.1 200 OK"
2025-08-14 16:55:05,113 INFO HTTP Request: GET https://api.replicate.com/v1/predictions/05y8ag8cwdrma0crn199y085yr "HTTP/1.1 200 OK"
2025-08-14 16:55:05,655 INFO HTTP Request: GET https://api.replicate.com/v1/predictions/27gchm682nrm80crn18rc9atdw "HTTP/1.1 200 OK"
2025-08-14 16:55:05,864 INFO HTTP Request: GET https://api.replicate.com/v1/predictions/05y8ag8cwdrma0crn199y085yr "HTTP/1.1 200 OK"
2025-08-14 16:55:06,415 INFO HTTP Request: GET https://api.replicate.com/v1/predictions/27gchm682nrm80crn18rc9atdw "HTTP/1.1 200 OK"
2025-08-14 16:55:06,626 INFO HTTP Request: GET https://api.replicate.com/v1/predictions/05y8ag8cwdrma0crn199y085yr "HTTP/1.1 200 OK"
2025-08-14 16:55:07,180 INFO HTTP Request: GET https://api.replicate.com/v1/predictions/27gchm682nrm80crn18rc9atdw "HTTP/1.1 200 OK"
2025-08-14 16:55:07,379 INFO HTTP Request: GET https://api.replicate.com/v1/predictions/05y8ag8cwdrma0crn199y085yr "HTTP/1.1 200 OK"
2025-08-14 16:55:07,969 INFO HTTP Request: GET https://api.replicate.com/v1/predictions/27gchm682nrm80crn18rc9atdw "HTTP/1.1 200 OK"
2025-08-14 16:55:08,133 INFO HTTP Request: GET https://api.replicate.com/v1/predictions/05y8ag8cwdrma0crn199y085yr "HTTP/1.1 200 OK"
2025-08-14 16:55:08,782 INFO HTTP Request: GET https://api.replicate.com/v1/predictions/27gchm682nrm80crn18rc9atdw "HTTP/1.1 200 OK"
2025-08-14 16:55:08,948 INFO HTTP Request: GET https://api.replicate.com/v1/predictions/05y8ag8cwdrma0crn199y085yr "HTTP/1.1 200 OK"
2025-08-14 16:55:09,603 INFO HTTP Request: GET https://api.replicate.com/v1/predictions/27gchm682nrm80crn18rc9atdw "HTTP/1.1 200 OK"
2025-08-14 16:55:09,759 INFO HTTP Request: GET https://api.replicate.com/v1/predictions/05y8ag8cwdrma0crn199y085yr "HTTP/1.1 200 OK"
2025-08-14 16:55:10,455 INFO HTTP Request: GET https://api.replicate.com/v1/predictions/27gchm682nrm80crn18rc9atdw "HTTP/1.1 200 OK"
2025-08-14 16:55:10,562 INFO HTTP Request: GET https://api.replicate.com/v1/predictions/05y8ag8cwdrma0crn199y085yr "HTTP/1.1 200 OK"
2025-08-14 16:55:11,272 INFO HTTP Request: GET https://api.replicate.com/v1/predictions/27gchm682nrm80crn18rc9atdw "HTTP/1.1 200 OK"
2025-08-14 16:55:11,362 INFO HTTP Request: GET https://api.replicate.com/v1/predictions/05y8ag8cwdrma0crn199y085yr "HTTP/1.1 200 OK"
2025-08-14 16:55:12,079 INFO HTTP Request: GET https://api.replicate.com/v1/predictions/27gchm682nrm80crn18rc9atdw "HTTP/1.1 200 OK"
2025-08-14 16:55:12,179 INFO HTTP Request: GET https://api.replicate.com/v1/predictions/05y8ag8cwdrma0crn199y085yr "HTTP/1.1 200 OK"
2025-08-14 16:55:12,884 INFO HTTP Request: GET https://api.replicate.com/v1/predictions/27gchm682nrm80crn18rc9atdw "HTTP/1.1 200 OK"
2025-08-14 16:55:12,973 INFO HTTP Request: GET https://api.replicate.com/v1/predictions/05y8ag8cwdrma0crn199y085yr "HTTP/1.1 200 OK"
2025-08-14 16:55:13,700 INFO HTTP Request: GET https://api.replicate.com/v1/predictions/27gchm682nrm80crn18rc9atdw "HTTP/1.1 200 OK"
2025-08-14 16:55:13,768 INFO HTTP Request: GET https://api.replicate.com/v1/predictions/05y8ag8cwdrma0crn199y085yr "HTTP/1.1 200 OK"
2025-08-14 16:55:14,514 INFO HTTP Request: GET https://api.replicate.com/v1/predictions/27gchm682nrm80crn18rc9atdw "HTTP/1.1 200 OK"
2025-08-14 16:55:14,517 INFO HTTP Request: GET https://api.replicate.com/v1/predictions/05y8ag8cwdrma0crn199y085yr "HTTP/1.1 200 OK"
2025-08-14 16:55:15,265 INFO HTTP Request: GET https://api.replicate.com/v1/predictions/05y8ag8cwdrma0crn199y085yr "HTTP/1.1 200 OK"
2025-08-14 16:55:15,270 INFO HTTP Request: GET https://api.replicate.com/v1/predictions/27gchm682nrm80crn18rc9atdw "HTTP/1.1 200 OK"
2025-08-14 16:55:16,027 INFO HTTP Request: GET https://api.replicate.com/v1/predictions/27gchm682nrm80crn18rc9atdw "HTTP/1.1 200 OK"
2025-08-14 16:55:16,029 INFO HTTP Request: GET https://api.replicate.com/v1/predictions/05y8ag8cwdrma0crn199y085yr "HTTP/1.1 200 OK"
2025-08-14 16:55:16,783 INFO HTTP Request: GET https://api.replicate.com/v1/predictions/27gchm682nrm80crn18rc9atdw "HTTP/1.1 200 OK"
2025-08-14 16:55:16,787 INFO HTTP Request: GET https://api.replicate.com/v1/predictions/05y8ag8cwdrma0crn199y085yr "HTTP/1.1 200 OK"
2025-08-14 16:55:17,546 INFO HTTP Request: GET https://api.replicate.com/v1/predictions/27gchm682nrm80crn18rc9atdw "HTTP/1.1 200 OK"
2025-08-14 16:55:17,728 INFO HTTP Request: GET https://api.replicate.com/v1/predictions/05y8ag8cwdrma0crn199y085yr "HTTP/1.1 200 OK"
2025-08-14 16:55:18,301 INFO HTTP Request: GET https://api.replicate.com/v1/predictions/27gchm682nrm80crn18rc9atdw "HTTP/1.1 200 OK"
2025-08-14 16:55:18,507 INFO HTTP Request: GET https://api.replicate.com/v1/predictions/05y8ag8cwdrma0crn199y085yr "HTTP/1.1 200 OK"
2025-08-14 16:55:19,059 INFO HTTP Request: GET https://api.replicate.com/v1/predictions/27gchm682nrm80crn18rc9atdw "HTTP/1.1 200 OK"
2025-08-14 16:55:19,265 INFO HTTP Request: GET https://api.replicate.com/v1/predictions/05y8ag8cwdrma0crn199y085yr "HTTP/1.1 200 OK"
2025-08-14 16:55:19,889 INFO HTTP Request: GET https://api.replicate.com/v1/predictions/27gchm682nrm80crn18rc9atdw "HTTP/1.1 200 OK"
2025-08-14 16:55:20,014 INFO HTTP Request: GET https://api.replicate.com/v1/predictions/05y8ag8cwdrma0crn199y085yr "HTTP/1.1 200 OK"
2025-08-14 16:55:20,704 INFO HTTP Request: GET https://api.replicate.com/v1/predictions/27gchm682nrm80crn18rc9atdw "HTTP/1.1 200 OK"
2025-08-14 16:55:20,766 INFO HTTP Request: GET https://api.replicate.com/v1/predictions/05y8ag8cwdrma0crn199y085yr "HTTP/1.1 200 OK"
2025-08-14 16:55:21,510 INFO HTTP Request: GET https://api.replicate.com/v1/predictions/27gchm682nrm80crn18rc9atdw "HTTP/1.1 200 OK"
2025-08-14 16:55:21,516 INFO HTTP Request: GET https://api.replicate.com/v1/predictions/05y8ag8cwdrma0crn199y085yr "HTTP/1.1 200 OK"
2025-08-14 16:55:22,268 INFO HTTP Request: GET https://api.replicate.com/v1/predictions/27gchm682nrm80crn18rc9atdw "HTTP/1.1 200 OK"
2025-08-14 16:55:22,323 INFO HTTP Request: GET https://api.replicate.com/v1/predictions/05y8ag8cwdrma0crn199y085yr "HTTP/1.1 200 OK"
2025-08-14 16:55:23,086 INFO HTTP Request: GET https://api.replicate.com/v1/predictions/05y8ag8cwdrma0crn199y085yr "HTTP/1.1 200 OK"
2025-08-14 16:55:23,102 INFO HTTP Request: GET https://api.replicate.com/v1/predictions/27gchm682nrm80crn18rc9atdw "HTTP/1.1 200 OK"
2025-08-14 16:55:23,859 INFO HTTP Request: GET https://api.replicate.com/v1/predictions/27gchm682nrm80crn18rc9atdw "HTTP/1.1 200 OK"
2025-08-14 16:55:23,936 INFO HTTP Request: GET https://api.replicate.com/v1/predictions/05y8ag8cwdrma0crn199y085yr "HTTP/1.1 200 OK"
2025-08-14 16:55:24,664 INFO HTTP Request: GET https://api.replicate.com/v1/predictions/27gchm682nrm80crn18rc9atdw "HTTP/1.1 200 OK"
2025-08-14 16:55:25,220 INFO HTTP Request: GET https://api.replicate.com/v1/predictions/05y8ag8cwdrma0crn199y085yr "HTTP/1.1 200 OK"
2025-08-14 16:55:25,964 INFO HTTP Request: GET https://api.replicate.com/v1/predictions/27gchm682nrm80crn18rc9atdw "HTTP/1.1 200 OK"
2025-08-14 16:55:26,032 INFO HTTP Request: GET https://api.replicate.com/v1/predictions/05y8ag8cwdrma0crn199y085yr "HTTP/1.1 200 OK"
2025-08-14 16:55:26,766 INFO HTTP Request: GET https://api.replicate.com/v1/predictions/27gchm682nrm80crn18rc9atdw "HTTP/1.1 200 OK"
2025-08-14 16:55:26,846 INFO HTTP Request: GET https://api.replicate.com/v1/predictions/05y8ag8cwdrma0crn199y085yr "HTTP/1.1 200 OK"
2025-08-14 16:55:27,582 INFO HTTP Request: GET https://api.replicate.com/v1/predictions/27gchm682nrm80crn18rc9atdw "HTTP/1.1 200 OK"
2025-08-14 16:55:27,715 INFO HTTP Request: GET https://api.replicate.com/v1/predictions/05y8ag8cwdrma0crn199y085yr "HTTP/1.1 200 OK"
2025-08-14 16:55:28,405 INFO HTTP Request: GET https://api.replicate.com/v1/predictions/27gchm682nrm80crn18rc9atdw "HTTP/1.1 200 OK"
2025-08-14 16:55:28,531 INFO HTTP Request: GET https://api.replicate.com/v1/predictions/05y8ag8cwdrma0crn199y085yr "HTTP/1.1 200 OK"
2025-08-14 16:55:29,218 INFO HTTP Request: GET https://api.replicate.com/v1/predictions/27gchm682nrm80crn18rc9atdw "HTTP/1.1 200 OK"
2025-08-14 16:55:29,331 INFO HTTP Request: GET https://api.replicate.com/v1/predictions/05y8ag8cwdrma0crn199y085yr "HTTP/1.1 200 OK"
2025-08-14 16:55:30,037 INFO HTTP Request: GET https://api.replicate.com/v1/predictions/27gchm682nrm80crn18rc9atdw "HTTP/1.1 200 OK"
2025-08-14 16:55:30,156 INFO HTTP Request: GET https://api.replicate.com/v1/predictions/05y8ag8cwdrma0crn199y085yr "HTTP/1.1 200 OK"
2025-08-14 16:55:30,809 INFO HTTP Request: GET https://api.replicate.com/v1/predictions/27gchm682nrm80crn18rc9atdw "HTTP/1.1 200 OK"
2025-08-14 16:55:30,980 INFO HTTP Request: GET https://api.replicate.com/v1/predictions/05y8ag8cwdrma0crn199y085yr "HTTP/1.1 200 OK"
2025-08-14 16:55:31,568 INFO HTTP Request: GET https://api.replicate.com/v1/predictions/27gchm682nrm80crn18rc9atdw "HTTP/1.1 200 OK"
2025-08-14 16:55:31,799 INFO HTTP Request: GET https://api.replicate.com/v1/predictions/05y8ag8cwdrma0crn199y085yr "HTTP/1.1 200 OK"
2025-08-14 16:55:32,333 INFO HTTP Request: GET https://api.replicate.com/v1/predictions/27gchm682nrm80crn18rc9atdw "HTTP/1.1 200 OK"
2025-08-14 16:55:32,599 INFO HTTP Request: GET https://api.replicate.com/v1/predictions/05y8ag8cwdrma0crn199y085yr "HTTP/1.1 200 OK"
2025-08-14 16:55:33,088 INFO HTTP Request: GET https://api.replicate.com/v1/predictions/27gchm682nrm80crn18rc9atdw "HTTP/1.1 200 OK"
2025-08-14 16:55:33,388 INFO HTTP Request: GET https://api.replicate.com/v1/predictions/05y8ag8cwdrma0crn199y085yr "HTTP/1.1 200 OK"
2025-08-14 16:55:33,865 INFO HTTP Request: GET https://api.replicate.com/v1/predictions/27gchm682nrm80crn18rc9atdw "HTTP/1.1 200 OK"
2025-08-14 16:55:34,160 INFO HTTP Request: GET https://api.replicate.com/v1/predictions/05y8ag8cwdrma0crn199y085yr "HTTP/1.1 200 OK"
2025-08-14 16:55:34,621 INFO HTTP Request: GET https://api.replicate.com/v1/predictions/27gchm682nrm80crn18rc9atdw "HTTP/1.1 200 OK"
2025-08-14 16:55:34,924 INFO HTTP Request: GET https://api.replicate.com/v1/predictions/05y8ag8cwdrma0crn199y085yr "HTTP/1.1 200 OK"
2025-08-14 16:55:35,380 INFO HTTP Request: GET https://api.replicate.com/v1/predictions/27gchm682nrm80crn18rc9atdw "HTTP/1.1 200 OK"
2025-08-14 16:55:35,689 INFO HTTP Request: GET https://api.replicate.com/v1/predictions/05y8ag8cwdrma0crn199y085yr "HTTP/1.1 200 OK"
2025-08-14 16:55:36,207 INFO HTTP Request: GET https://api.replicate.com/v1/predictions/27gchm682nrm80crn18rc9atdw "HTTP/1.1 200 OK"
2025-08-14 16:55:36,814 INFO HTTP Request: GET https://api.replicate.com/v1/predictions/05y8ag8cwdrma0crn199y085yr "HTTP/1.1 200 OK"
2025-08-14 16:55:37,030 INFO HTTP Request: GET https://api.replicate.com/v1/predictions/27gchm682nrm80crn18rc9atdw "HTTP/1.1 200 OK"
2025-08-14 16:55:37,627 INFO HTTP Request: GET https://api.replicate.com/v1/predictions/05y8ag8cwdrma0crn199y085yr "HTTP/1.1 200 OK"
2025-08-14 16:55:37,795 INFO HTTP Request: GET https://api.replicate.com/v1/predictions/27gchm682nrm80crn18rc9atdw "HTTP/1.1 200 OK"
2025-08-14 16:55:38,478 INFO HTTP Request: GET https://api.replicate.com/v1/predictions/05y8ag8cwdrma0crn199y085yr "HTTP/1.1 200 OK"
2025-08-14 16:55:38,558 INFO HTTP Request: GET https://api.replicate.com/v1/predictions/27gchm682nrm80crn18rc9atdw "HTTP/1.1 200 OK"
2025-08-14 16:55:39,290 INFO HTTP Request: GET https://api.replicate.com/v1/predictions/05y8ag8cwdrma0crn199y085yr "HTTP/1.1 200 OK"
2025-08-14 16:55:39,315 INFO HTTP Request: GET https://api.replicate.com/v1/predictions/27gchm682nrm80crn18rc9atdw "HTTP/1.1 200 OK"
2025-08-14 16:55:40,065 INFO HTTP Request: GET https://api.replicate.com/v1/predictions/27gchm682nrm80crn18rc9atdw "HTTP/1.1 200 OK"
2025-08-14 16:55:40,101 INFO HTTP Request: GET https://api.replicate.com/v1/predictions/05y8ag8cwdrma0crn199y085yr "HTTP/1.1 200 OK"
2025-08-14 16:55:40,867 INFO HTTP Request: GET https://api.replicate.com/v1/predictions/05y8ag8cwdrma0crn199y085yr "HTTP/1.1 200 OK"
2025-08-14 16:55:40,868 INFO HTTP Request: GET https://api.replicate.com/v1/predictions/27gchm682nrm80crn18rc9atdw "HTTP/1.1 200 OK"
2025-08-14 16:55:41,715 INFO HTTP Request: GET https://api.replicate.com/v1/predictions/27gchm682nrm80crn18rc9atdw "HTTP/1.1 200 OK"
2025-08-14 16:55:42,211 INFO HTTP Request: GET https://api.replicate.com/v1/predictions/05y8ag8cwdrma0crn199y085yr "HTTP/1.1 200 OK"
2025-08-14 16:55:42,524 INFO HTTP Request: GET https://api.replicate.com/v1/predictions/27gchm682nrm80crn18rc9atdw "HTTP/1.1 200 OK"
2025-08-14 16:55:43,024 INFO HTTP Request: GET https://api.replicate.com/v1/predictions/05y8ag8cwdrma0crn199y085yr "HTTP/1.1 200 OK"
2025-08-14 16:55:43,343 INFO HTTP Request: GET https://api.replicate.com/v1/predictions/27gchm682nrm80crn18rc9atdw "HTTP/1.1 200 OK"
2025-08-14 16:55:43,838 INFO HTTP Request: GET https://api.replicate.com/v1/predictions/05y8ag8cwdrma0crn199y085yr "HTTP/1.1 200 OK"
2025-08-14 16:55:44,155 INFO HTTP Request: GET https://api.replicate.com/v1/predictions/27gchm682nrm80crn18rc9atdw "HTTP/1.1 200 OK"
2025-08-14 16:55:44,659 INFO HTTP Request: GET https://api.replicate.com/v1/predictions/05y8ag8cwdrma0crn199y085yr "HTTP/1.1 200 OK"
2025-08-14 16:55:44,984 INFO HTTP Request: GET https://api.replicate.com/v1/predictions/27gchm682nrm80crn18rc9atdw "HTTP/1.1 200 OK"
2025-08-14 16:55:45,469 INFO HTTP Request: GET https://api.replicate.com/v1/predictions/05y8ag8cwdrma0crn199y085yr "HTTP/1.1 200 OK"
2025-08-14 16:55:45,809 INFO HTTP Request: GET https://api.replicate.com/v1/predictions/27gchm682nrm80crn18rc9atdw "HTTP/1.1 200 OK"
2025-08-14 16:55:46,283 INFO HTTP Request: GET https://api.replicate.com/v1/predictions/05y8ag8cwdrma0crn199y085yr "HTTP/1.1 200 OK"
2025-08-14 16:55:46,632 INFO HTTP Request: GET https://api.replicate.com/v1/predictions/27gchm682nrm80crn18rc9atdw "HTTP/1.1 200 OK"
2025-08-14 16:55:47,099 INFO HTTP Request: GET https://api.replicate.com/v1/predictions/05y8ag8cwdrma0crn199y085yr "HTTP/1.1 200 OK"
2025-08-14 16:55:47,455 INFO HTTP Request: GET https://api.replicate.com/v1/predictions/27gchm682nrm80crn18rc9atdw "HTTP/1.1 200 OK"
2025-08-14 16:55:47,908 INFO HTTP Request: GET https://api.replicate.com/v1/predictions/05y8ag8cwdrma0crn199y085yr "HTTP/1.1 200 OK"
2025-08-14 16:55:48,274 INFO HTTP Request: GET https://api.replicate.com/v1/predictions/27gchm682nrm80crn18rc9atdw "HTTP/1.1 200 OK"
2025-08-14 16:55:48,713 INFO HTTP Request: GET https://api.replicate.com/v1/predictions/05y8ag8cwdrma0crn199y085yr "HTTP/1.1 200 OK"
2025-08-14 16:55:49,099 INFO HTTP Request: GET https://api.replicate.com/v1/predictions/27gchm682nrm80crn18rc9atdw "HTTP/1.1 200 OK"
2025-08-14 16:55:49,534 INFO HTTP Request: GET https://api.replicate.com/v1/predictions/05y8ag8cwdrma0crn199y085yr "HTTP/1.1 200 OK"
2025-08-14 16:55:49,911 INFO HTTP Request: GET https://api.replicate.com/v1/predictions/27gchm682nrm80crn18rc9atdw "HTTP/1.1 200 OK"
2025-08-14 16:55:50,344 INFO HTTP Request: GET https://api.replicate.com/v1/predictions/05y8ag8cwdrma0crn199y085yr "HTTP/1.1 200 OK"
2025-08-14 16:55:50,735 INFO HTTP Request: GET https://api.replicate.com/v1/predictions/27gchm682nrm80crn18rc9atdw "HTTP/1.1 200 OK"
2025-08-14 16:55:51,165 INFO HTTP Request: GET https://api.replicate.com/v1/predictions/05y8ag8cwdrma0crn199y085yr "HTTP/1.1 200 OK"
2025-08-14 16:55:51,547 INFO HTTP Request: GET https://api.replicate.com/v1/predictions/27gchm682nrm80crn18rc9atdw "HTTP/1.1 200 OK"
2025-08-14 16:55:51,977 INFO HTTP Request: GET https://api.replicate.com/v1/predictions/05y8ag8cwdrma0crn199y085yr "HTTP/1.1 200 OK"
2025-08-14 16:55:52,693 INFO HTTP Request: GET https://api.replicate.com/v1/predictions/27gchm682nrm80crn18rc9atdw "HTTP/1.1 200 OK"
2025-08-14 16:55:53,208 INFO HTTP Request: GET https://api.replicate.com/v1/predictions/05y8ag8cwdrma0crn199y085yr "HTTP/1.1 200 OK"
2025-08-14 16:55:53,453 INFO HTTP Request: GET https://api.replicate.com/v1/predictions/27gchm682nrm80crn18rc9atdw "HTTP/1.1 200 OK"
2025-08-14 16:55:53,990 INFO HTTP Request: GET https://api.replicate.com/v1/predictions/05y8ag8cwdrma0crn199y085yr "HTTP/1.1 200 OK"
2025-08-14 16:55:54,219 INFO HTTP Request: GET https://api.replicate.com/v1/predictions/27gchm682nrm80crn18rc9atdw "HTTP/1.1 200 OK"
2025-08-14 16:55:54,743 INFO HTTP Request: GET https://api.replicate.com/v1/predictions/05y8ag8cwdrma0crn199y085yr "HTTP/1.1 200 OK"
2025-08-14 16:55:54,974 INFO HTTP Request: GET https://api.replicate.com/v1/predictions/27gchm682nrm80crn18rc9atdw "HTTP/1.1 200 OK"
2025-08-14 16:55:55,510 INFO HTTP Request: GET https://api.replicate.com/v1/predictions/05y8ag8cwdrma0crn199y085yr "HTTP/1.1 200 OK"
2025-08-14 16:55:55,740 INFO HTTP Request: GET https://api.replicate.com/v1/predictions/27gchm682nrm80crn18rc9atdw "HTTP/1.1 200 OK"
2025-08-14 16:55:56,265 INFO HTTP Request: GET https://api.replicate.com/v1/predictions/05y8ag8cwdrma0crn199y085yr "HTTP/1.1 200 OK"
2025-08-14 16:55:56,502 INFO HTTP Request: GET https://api.replicate.com/v1/predictions/27gchm682nrm80crn18rc9atdw "HTTP/1.1 200 OK"
2025-08-14 16:55:57,042 INFO HTTP Request: GET https://api.replicate.com/v1/predictions/05y8ag8cwdrma0crn199y085yr "HTTP/1.1 200 OK"
2025-08-14 16:55:57,267 INFO HTTP Request: GET https://api.replicate.com/v1/predictions/27gchm682nrm80crn18rc9atdw "HTTP/1.1 200 OK"
2025-08-14 16:55:57,847 INFO HTTP Request: GET https://api.replicate.com/v1/predictions/05y8ag8cwdrma0crn199y085yr "HTTP/1.1 200 OK"
2025-08-14 16:55:58,601 INFO HTTP Request: GET https://api.replicate.com/v1/predictions/27gchm682nrm80crn18rc9atdw "HTTP/1.1 200 OK"
2025-08-14 16:55:58,702 INFO HTTP Request: GET https://api.replicate.com/v1/predictions/05y8ag8cwdrma0crn199y085yr "HTTP/1.1 200 OK"
2025-08-14 16:55:59,426 INFO HTTP Request: GET https://api.replicate.com/v1/predictions/27gchm682nrm80crn18rc9atdw "HTTP/1.1 200 OK"
2025-08-14 16:55:59,515 INFO HTTP Request: GET https://api.replicate.com/v1/predictions/05y8ag8cwdrma0crn199y085yr "HTTP/1.1 200 OK"
2025-08-14 16:56:00,263 INFO HTTP Request: GET https://api.replicate.com/v1/predictions/27gchm682nrm80crn18rc9atdw "HTTP/1.1 200 OK"
2025-08-14 16:56:00,355 INFO HTTP Request: GET https://api.replicate.com/v1/predictions/05y8ag8cwdrma0crn199y085yr "HTTP/1.1 200 OK"
2025-08-14 16:56:01,086 INFO HTTP Request: GET https://api.replicate.com/v1/predictions/27gchm682nrm80crn18rc9atdw "HTTP/1.1 200 OK"
2025-08-14 16:56:01,184 INFO HTTP Request: GET https://api.replicate.com/v1/predictions/05y8ag8cwdrma0crn199y085yr "HTTP/1.1 200 OK"
2025-08-14 16:56:01,984 INFO HTTP Request: GET https://api.replicate.com/v1/predictions/27gchm682nrm80crn18rc9atdw "HTTP/1.1 200 OK"
2025-08-14 16:56:01,998 INFO HTTP Request: GET https://api.replicate.com/v1/predictions/05y8ag8cwdrma0crn199y085yr "HTTP/1.1 200 OK"
2025-08-14 16:56:02,833 INFO HTTP Request: GET https://api.replicate.com/v1/predictions/27gchm682nrm80crn18rc9atdw "HTTP/1.1 200 OK"
2025-08-14 16:56:02,838 INFO HTTP Request: GET https://api.replicate.com/v1/predictions/05y8ag8cwdrma0crn199y085yr "HTTP/1.1 200 OK"
2025-08-14 16:56:03,665 INFO HTTP Request: GET https://api.replicate.com/v1/predictions/27gchm682nrm80crn18rc9atdw "HTTP/1.1 200 OK"
2025-08-14 16:56:03,985 INFO HTTP Request: GET https://api.replicate.com/v1/predictions/05y8ag8cwdrma0crn199y085yr "HTTP/1.1 200 OK"
2025-08-14 16:56:04,468 INFO HTTP Request: GET https://api.replicate.com/v1/predictions/27gchm682nrm80crn18rc9atdw "HTTP/1.1 200 OK"
2025-08-14 16:56:04,814 INFO HTTP Request: GET https://api.replicate.com/v1/predictions/05y8ag8cwdrma0crn199y085yr "HTTP/1.1 200 OK"
2025-08-14 16:56:05,270 INFO HTTP Request: GET https://api.replicate.com/v1/predictions/27gchm682nrm80crn18rc9atdw "HTTP/1.1 200 OK"
2025-08-14 16:56:05,626 INFO HTTP Request: GET https://api.replicate.com/v1/predictions/05y8ag8cwdrma0crn199y085yr "HTTP/1.1 200 OK"
2025-08-14 16:56:06,084 INFO HTTP Request: GET https://api.replicate.com/v1/predictions/27gchm682nrm80crn18rc9atdw "HTTP/1.1 200 OK"
2025-08-14 16:56:06,426 INFO HTTP Request: GET https://api.replicate.com/v1/predictions/05y8ag8cwdrma0crn199y085yr "HTTP/1.1 200 OK"
2025-08-14 16:56:06,911 INFO HTTP Request: GET https://api.replicate.com/v1/predictions/27gchm682nrm80crn18rc9atdw "HTTP/1.1 200 OK"
2025-08-14 16:56:07,235 INFO HTTP Request: GET https://api.replicate.com/v1/predictions/05y8ag8cwdrma0crn199y085yr "HTTP/1.1 200 OK"
2025-08-14 16:56:07,725 INFO HTTP Request: GET https://api.replicate.com/v1/predictions/27gchm682nrm80crn18rc9atdw "HTTP/1.1 200 OK"
2025-08-14 16:56:08,039 INFO HTTP Request: GET https://api.replicate.com/v1/predictions/05y8ag8cwdrma0crn199y085yr "HTTP/1.1 200 OK"
2025-08-14 16:56:08,533 INFO HTTP Request: GET https://api.replicate.com/v1/predictions/27gchm682nrm80crn18rc9atdw "HTTP/1.1 200 OK"
2025-08-14 16:56:08,810 INFO HTTP Request: GET https://api.replicate.com/v1/predictions/05y8ag8cwdrma0crn199y085yr "HTTP/1.1 200 OK"
2025-08-14 16:56:09,293 INFO HTTP Request: GET https://api.replicate.com/v1/predictions/27gchm682nrm80crn18rc9atdw "HTTP/1.1 200 OK"
2025-08-14 16:56:09,572 INFO HTTP Request: GET https://api.replicate.com/v1/predictions/05y8ag8cwdrma0crn199y085yr "HTTP/1.1 200 OK"
2025-08-14 16:56:10,046 INFO HTTP Request: GET https://api.replicate.com/v1/predictions/27gchm682nrm80crn18rc9atdw "HTTP/1.1 200 OK"
2025-08-14 16:56:10,329 INFO HTTP Request: GET https://api.replicate.com/v1/predictions/05y8ag8cwdrma0crn199y085yr "HTTP/1.1 200 OK"
2025-08-14 16:56:10,800 INFO HTTP Request: GET https://api.replicate.com/v1/predictions/27gchm682nrm80crn18rc9atdw "HTTP/1.1 200 OK"
2025-08-14 16:56:11,092 INFO HTTP Request: GET https://api.replicate.com/v1/predictions/05y8ag8cwdrma0crn199y085yr "HTTP/1.1 200 OK"
2025-08-14 16:56:11,576 INFO HTTP Request: GET https://api.replicate.com/v1/predictions/27gchm682nrm80crn18rc9atdw "HTTP/1.1 200 OK"
2025-08-14 16:56:11,851 INFO HTTP Request: GET https://api.replicate.com/v1/predictions/05y8ag8cwdrma0crn199y085yr "HTTP/1.1 200 OK"
2025-08-14 16:56:12,331 INFO HTTP Request: GET https://api.replicate.com/v1/predictions/27gchm682nrm80crn18rc9atdw "HTTP/1.1 200 OK"
2025-08-14 16:56:12,618 INFO HTTP Request: GET https://api.replicate.com/v1/predictions/05y8ag8cwdrma0crn199y085yr "HTTP/1.1 200 OK"
2025-08-14 16:56:13,117 INFO HTTP Request: GET https://api.replicate.com/v1/predictions/27gchm682nrm80crn18rc9atdw "HTTP/1.1 200 OK"
2025-08-14 16:56:13,394 INFO HTTP Request: GET https://api.replicate.com/v1/predictions/05y8ag8cwdrma0crn199y085yr "HTTP/1.1 200 OK"
2025-08-14 16:56:13,899 INFO HTTP Request: GET https://api.replicate.com/v1/predictions/27gchm682nrm80crn18rc9atdw "HTTP/1.1 200 OK"
2025-08-14 16:56:14,324 INFO HTTP Request: GET https://api.replicate.com/v1/predictions/05y8ag8cwdrma0crn199y085yr "HTTP/1.1 200 OK"
2025-08-14 16:56:14,665 INFO HTTP Request: GET https://api.replicate.com/v1/predictions/27gchm682nrm80crn18rc9atdw "HTTP/1.1 200 OK"
2025-08-14 16:56:15,097 INFO HTTP Request: GET https://api.replicate.com/v1/predictions/05y8ag8cwdrma0crn199y085yr "HTTP/1.1 200 OK"
2025-08-14 16:56:15,436 INFO HTTP Request: GET https://api.replicate.com/v1/predictions/27gchm682nrm80crn18rc9atdw "HTTP/1.1 200 OK"
2025-08-14 16:56:15,864 INFO HTTP Request: GET https://api.replicate.com/v1/predictions/05y8ag8cwdrma0crn199y085yr "HTTP/1.1 200 OK"
2025-08-14 16:56:16,189 INFO HTTP Request: GET https://api.replicate.com/v1/predictions/27gchm682nrm80crn18rc9atdw "HTTP/1.1 200 OK"
2025-08-14 16:56:16,625 INFO HTTP Request: GET https://api.replicate.com/v1/predictions/05y8ag8cwdrma0crn199y085yr "HTTP/1.1 200 OK"
2025-08-14 16:56:16,953 INFO HTTP Request: GET https://api.replicate.com/v1/predictions/27gchm682nrm80crn18rc9atdw "HTTP/1.1 200 OK"
2025-08-14 16:56:17,404 INFO HTTP Request: GET https://api.replicate.com/v1/predictions/05y8ag8cwdrma0crn199y085yr "HTTP/1.1 200 OK"
2025-08-14 16:56:17,724 INFO HTTP Request: GET https://api.replicate.com/v1/predictions/27gchm682nrm80crn18rc9atdw "HTTP/1.1 200 OK"
2025-08-14 16:56:18,169 INFO HTTP Request: GET https://api.replicate.com/v1/predictions/05y8ag8cwdrma0crn199y085yr "HTTP/1.1 200 OK"
2025-08-14 16:56:18,480 INFO HTTP Request: GET https://api.replicate.com/v1/predictions/27gchm682nrm80crn18rc9atdw "HTTP/1.1 200 OK"
2025-08-14 16:56:18,966 INFO HTTP Request: GET https://api.replicate.com/v1/predictions/05y8ag8cwdrma0crn199y085yr "HTTP/1.1 200 OK"
2025-08-14 16:56:19,244 INFO HTTP Request: GET https://api.replicate.com/v1/predictions/27gchm682nrm80crn18rc9atdw "HTTP/1.1 200 OK"
2025-08-14 16:56:19,724 INFO HTTP Request: GET https://api.replicate.com/v1/predictions/05y8ag8cwdrma0crn199y085yr "HTTP/1.1 200 OK"
2025-08-14 16:56:20,009 INFO HTTP Request: GET https://api.replicate.com/v1/predictions/27gchm682nrm80crn18rc9atdw "HTTP/1.1 200 OK"
2025-08-14 16:56:20,487 INFO HTTP Request: GET https://api.replicate.com/v1/predictions/05y8ag8cwdrma0crn199y085yr "HTTP/1.1 200 OK"
2025-08-14 16:56:20,767 INFO HTTP Request: GET https://api.replicate.com/v1/predictions/27gchm682nrm80crn18rc9atdw "HTTP/1.1 200 OK"
2025-08-14 16:56:21,253 INFO HTTP Request: GET https://api.replicate.com/v1/predictions/05y8ag8cwdrma0crn199y085yr "HTTP/1.1 200 OK"
2025-08-14 16:56:21,533 INFO HTTP Request: GET https://api.replicate.com/v1/predictions/27gchm682nrm80crn18rc9atdw "HTTP/1.1 200 OK"
2025-08-14 16:56:22,022 INFO HTTP Request: GET https://api.replicate.com/v1/predictions/05y8ag8cwdrma0crn199y085yr "HTTP/1.1 200 OK"
2025-08-14 16:56:22,295 INFO HTTP Request: GET https://api.replicate.com/v1/predictions/27gchm682nrm80crn18rc9atdw "HTTP/1.1 200 OK"
2025-08-14 16:56:22,787 INFO HTTP Request: GET https://api.replicate.com/v1/predictions/05y8ag8cwdrma0crn199y085yr "HTTP/1.1 200 OK"
2025-08-14 16:56:23,065 INFO HTTP Request: GET https://api.replicate.com/v1/predictions/27gchm682nrm80crn18rc9atdw "HTTP/1.1 200 OK"
2025-08-14 16:56:23,541 INFO HTTP Request: GET https://api.replicate.com/v1/predictions/05y8ag8cwdrma0crn199y085yr "HTTP/1.1 200 OK"
2025-08-14 16:56:23,846 INFO HTTP Request: GET https://api.replicate.com/v1/predictions/27gchm682nrm80crn18rc9atdw "HTTP/1.1 200 OK"
2025-08-14 16:56:24,718 INFO HTTP Request: GET https://api.replicate.com/v1/predictions/05y8ag8cwdrma0crn199y085yr "HTTP/1.1 200 OK"
2025-08-14 16:56:25,141 INFO HTTP Request: GET https://api.replicate.com/v1/predictions/27gchm682nrm80crn18rc9atdw "HTTP/1.1 200 OK"
2025-08-14 16:56:25,485 INFO HTTP Request: GET https://api.replicate.com/v1/predictions/05y8ag8cwdrma0crn199y085yr "HTTP/1.1 200 OK"
2025-08-14 16:56:25,909 INFO HTTP Request: GET https://api.replicate.com/v1/predictions/27gchm682nrm80crn18rc9atdw "HTTP/1.1 200 OK"
2025-08-14 16:56:26,245 INFO HTTP Request: GET https://api.replicate.com/v1/predictions/05y8ag8cwdrma0crn199y085yr "HTTP/1.1 200 OK"
2025-08-14 16:56:26,669 INFO HTTP Request: GET https://api.replicate.com/v1/predictions/27gchm682nrm80crn18rc9atdw "HTTP/1.1 200 OK"
2025-08-14 16:56:27,005 INFO HTTP Request: GET https://api.replicate.com/v1/predictions/05y8ag8cwdrma0crn199y085yr "HTTP/1.1 200 OK"
2025-08-14 16:56:27,431 INFO HTTP Request: GET https://api.replicate.com/v1/predictions/27gchm682nrm80crn18rc9atdw "HTTP/1.1 200 OK"
2025-08-14 16:56:27,772 INFO HTTP Request: GET https://api.replicate.com/v1/predictions/05y8ag8cwdrma0crn199y085yr "HTTP/1.1 200 OK"
2025-08-14 16:56:28,197 INFO HTTP Request: GET https://api.replicate.com/v1/predictions/27gchm682nrm80crn18rc9atdw "HTTP/1.1 200 OK"
2025-08-14 16:56:28,528 INFO HTTP Request: GET https://api.replicate.com/v1/predictions/05y8ag8cwdrma0crn199y085yr "HTTP/1.1 200 OK"
2025-08-14 16:56:28,970 INFO HTTP Request: GET https://api.replicate.com/v1/predictions/27gchm682nrm80crn18rc9atdw "HTTP/1.1 200 OK"
2025-08-14 16:56:29,310 INFO HTTP Request: GET https://api.replicate.com/v1/predictions/05y8ag8cwdrma0crn199y085yr "HTTP/1.1 200 OK"
2025-08-14 16:56:29,787 INFO HTTP Request: GET https://api.replicate.com/v1/predictions/27gchm682nrm80crn18rc9atdw "HTTP/1.1 200 OK"
2025-08-14 16:56:30,114 INFO HTTP Request: GET https://api.replicate.com/v1/predictions/05y8ag8cwdrma0crn199y085yr "HTTP/1.1 200 OK"
2025-08-14 16:56:30,584 INFO HTTP Request: GET https://api.replicate.com/v1/predictions/27gchm682nrm80crn18rc9atdw "HTTP/1.1 200 OK"
2025-08-14 16:56:30,922 INFO HTTP Request: GET https://api.replicate.com/v1/predictions/05y8ag8cwdrma0crn199y085yr "HTTP/1.1 200 OK"
2025-08-14 16:56:31,401 INFO HTTP Request: GET https://api.replicate.com/v1/predictions/27gchm682nrm80crn18rc9atdw "HTTP/1.1 200 OK"
2025-08-14 16:56:31,732 INFO HTTP Request: GET https://api.replicate.com/v1/predictions/05y8ag8cwdrma0crn199y085yr "HTTP/1.1 200 OK"
2025-08-14 16:56:32,205 INFO HTTP Request: GET https://api.replicate.com/v1/predictions/27gchm682nrm80crn18rc9atdw "HTTP/1.1 200 OK"
2025-08-14 16:56:32,559 INFO HTTP Request: GET https://api.replicate.com/v1/predictions/05y8ag8cwdrma0crn199y085yr "HTTP/1.1 200 OK"
2025-08-14 16:56:33,000 INFO HTTP Request: GET https://api.replicate.com/v1/predictions/27gchm682nrm80crn18rc9atdw "HTTP/1.1 200 OK"
2025-08-14 16:56:33,012 INFO Replicate run finished in 208.39 seconds
2025-08-14 16:56:33,015 INFO Downloading generated video https://replicate.delivery/xezq/R6QoCGveSyV5dS9xepeQ60eBi2xHse6itaQ5hWu5hSRm98WpC/tmp9tdfy_6u.mp4 -> C:\Users\Admin\Documents\chatbot\generated_videos\2e8b81486d0d43d3a23c4b241b2620c8.mp4
2025-08-14 16:56:33,366 INFO HTTP Request: GET https://api.replicate.com/v1/predictions/05y8ag8cwdrma0crn199y085yr "HTTP/1.1 200 OK"
2025-08-14 16:56:34,216 INFO HTTP Request: GET https://api.replicate.com/v1/predictions/05y8ag8cwdrma0crn199y085yr "HTTP/1.1 200 OK"
2025-08-14 16:56:34,975 INFO HTTP Request: GET https://api.replicate.com/v1/predictions/05y8ag8cwdrma0crn199y085yr "HTTP/1.1 200 OK"
2025-08-14 16:56:35,736 INFO HTTP Request: GET https://api.replicate.com/v1/predictions/05y8ag8cwdrma0crn199y085yr "HTTP/1.1 200 OK"
2025-08-14 16:56:36,550 INFO HTTP Request: GET https://api.replicate.com/v1/predictions/05y8ag8cwdrma0crn199y085yr "HTTP/1.1 200 OK"
2025-08-14 16:56:36,825 INFO Saved generation to cache for prompt: bear roaming around house — context: user: bear roaming around house -> C:\Users\Admin\Documents\chatbot\generated_videos\2e8b81486d0d43d3a23c4b241b2620c8.mp4
2025-08-14 16:56:36,898 INFO 127.0.0.1 - - [14/Aug/2025 16:56:36] "POST /api/generate-video HTTP/1.1" 200 -
2025-08-14 16:56:37,333 INFO HTTP Request: GET https://api.replicate.com/v1/predictions/05y8ag8cwdrma0crn199y085yr "HTTP/1.1 200 OK"
2025-08-14 16:56:38,108 INFO HTTP Request: GET https://api.replicate.com/v1/predictions/05y8ag8cwdrma0crn199y085yr "HTTP/1.1 200 OK"
2025-08-14 16:56:38,883 INFO HTTP Request: GET https://api.replicate.com/v1/predictions/05y8ag8cwdrma0crn199y085yr "HTTP/1.1 200 OK"
2025-08-14 16:56:39,644 INFO HTTP Request: GET https://api.replicate.com/v1/predictions/05y8ag8cwdrma0crn199y085yr "HTTP/1.1 200 OK"
2025-08-14 16:56:40,456 INFO HTTP Request: GET https://api.replicate.com/v1/predictions/05y8ag8cwdrma0crn199y085yr "HTTP/1.1 200 OK"
2025-08-14 16:56:41,263 INFO HTTP Request: GET https://api.replicate.com/v1/predictions/05y8ag8cwdrma0crn199y085yr "HTTP/1.1 200 OK"
2025-08-14 16:56:42,070 INFO HTTP Request: GET https://api.replicate.com/v1/predictions/05y8ag8cwdrma0crn199y085yr "HTTP/1.1 200 OK"
2025-08-14 16:56:42,883 INFO HTTP Request: GET https://api.replicate.com/v1/predictions/05y8ag8cwdrma0crn199y085yr "HTTP/1.1 200 OK"
2025-08-14 16:56:43,711 INFO HTTP Request: GET https://api.replicate.com/v1/predictions/05y8ag8cwdrma0crn199y085yr "HTTP/1.1 200 OK"
2025-08-14 16:56:44,560 INFO HTTP Request: GET https://api.replicate.com/v1/predictions/05y8ag8cwdrma0crn199y085yr "HTTP/1.1 200 OK"
2025-08-14 16:56:45,393 INFO HTTP Request: GET https://api.replicate.com/v1/predictions/05y8ag8cwdrma0crn199y085yr "HTTP/1.1 200 OK"
2025-08-14 16:56:46,692 INFO HTTP Request: GET https://api.replicate.com/v1/predictions/05y8ag8cwdrma0crn199y085yr "HTTP/1.1 200 OK"
2025-08-14 16:56:47,504 INFO HTTP Request: GET https://api.replicate.com/v1/predictions/05y8ag8cwdrma0crn199y085yr "HTTP/1.1 200 OK"
2025-08-14 16:56:48,311 INFO HTTP Request: GET https://api.replicate.com/v1/predictions/05y8ag8cwdrma0crn199y085yr "HTTP/1.1 200 OK"
2025-08-14 16:56:49,137 INFO HTTP Request: GET https://api.replicate.com/v1/predictions/05y8ag8cwdrma0crn199y085yr "HTTP/1.1 200 OK"
2025-08-14 16:56:49,954 INFO HTTP Request: GET https://api.replicate.com/v1/predictions/05y8ag8cwdrma0crn199y085yr "HTTP/1.1 200 OK"
2025-08-14 16:56:50,769 INFO HTTP Request: GET https://api.replicate.com/v1/predictions/05y8ag8cwdrma0crn199y085yr "HTTP/1.1 200 OK"
2025-08-14 16:56:51,584 INFO HTTP Request: GET https://api.replicate.com/v1/predictions/05y8ag8cwdrma0crn199y085yr "HTTP/1.1 200 OK"
2025-08-14 16:56:52,413 INFO HTTP Request: GET https://api.replicate.com/v1/predictions/05y8ag8cwdrma0crn199y085yr "HTTP/1.1 200 OK"
2025-08-14 16:56:53,230 INFO HTTP Request: GET https://api.replicate.com/v1/predictions/05y8ag8cwdrma0crn199y085yr "HTTP/1.1 200 OK"
2025-08-14 16:56:54,049 INFO HTTP Request: GET https://api.replicate.com/v1/predictions/05y8ag8cwdrma0crn199y085yr "HTTP/1.1 200 OK"
2025-08-14 16:56:54,868 INFO HTTP Request: GET https://api.replicate.com/v1/predictions/05y8ag8cwdrma0crn199y085yr "HTTP/1.1 200 OK"
2025-08-14 16:56:55,717 INFO HTTP Request: GET https://api.replicate.com/v1/predictions/05y8ag8cwdrma0crn199y085yr "HTTP/1.1 200 OK"
2025-08-14 16:56:56,495 INFO HTTP Request: GET https://api.replicate.com/v1/predictions/05y8ag8cwdrma0crn199y085yr "HTTP/1.1 200 OK"
2025-08-14 16:56:57,300 INFO HTTP Request: GET https://api.replicate.com/v1/predictions/05y8ag8cwdrma0crn199y085yr "HTTP/1.1 200 OK"
2025-08-14 16:56:58,053 INFO HTTP Request: GET https://api.replicate.com/v1/predictions/05y8ag8cwdrma0crn199y085yr "HTTP/1.1 200 OK"
2025-08-14 16:56:58,821 INFO HTTP Request: GET https://api.replicate.com/v1/predictions/05y8ag8cwdrma0crn199y085yr "HTTP/1.1 200 OK"
2025-08-14 16:56:59,633 INFO HTTP Request: GET https://api.replicate.com/v1/predictions/05y8ag8cwdrma0crn199y085yr "HTTP/1.1 200 OK"
2025-08-14 16:57:00,427 INFO HTTP Request: GET https://api.replicate.com/v1/predictions/05y8ag8cwdrma0crn199y085yr "HTTP/1.1 200 OK"
2025-08-14 16:57:01,210 INFO HTTP Request: GET https://api.replicate.com/v1/predictions/05y8ag8cwdrma0crn199y085yr "HTTP/1.1 200 OK"
2025-08-14 16:57:02,031 INFO HTTP Request: GET https://api.replicate.com/v1/predictions/05y8ag8cwdrma0crn199y085yr "HTTP/1.1 200 OK"
2025-08-14 16:57:02,860 INFO HTTP Request: GET https://api.replicate.com/v1/predictions/05y8ag8cwdrma0crn199y085yr "HTTP/1.1 200 OK"
2025-08-14 16:57:03,690 INFO HTTP Request: GET https://api.replicate.com/v1/predictions/05y8ag8cwdrma0crn199y085yr "HTTP/1.1 200 OK"
2025-08-14 16:57:04,524 INFO HTTP Request: GET https://api.replicate.com/v1/predictions/05y8ag8cwdrma0crn199y085yr "HTTP/1.1 200 OK"
2025-08-14 16:57:05,364 INFO HTTP Request: GET https://api.replicate.com/v1/predictions/05y8ag8cwdrma0crn199y085yr "HTTP/1.1 200 OK"
2025-08-14 16:57:06,175 INFO HTTP Request: GET https://api.replicate.com/v1/predictions/05y8ag8cwdrma0crn199y085yr "HTTP/1.1 200 OK"
2025-08-14 16:57:06,991 INFO HTTP Request: GET https://api.replicate.com/v1/predictions/05y8ag8cwdrma0crn199y085yr "HTTP/1.1 200 OK"
2025-08-14 16:57:07,806 INFO HTTP Request: GET https://api.replicate.com/v1/predictions/05y8ag8cwdrma0crn199y085yr "HTTP/1.1 200 OK"
2025-08-14 16:57:08,607 INFO HTTP Request: GET https://api.replicate.com/v1/predictions/05y8ag8cwdrma0crn199y085yr "HTTP/1.1 200 OK"
2025-08-14 16:57:09,433 INFO HTTP Request: GET https://api.replicate.com/v1/predictions/05y8ag8cwdrma0crn199y085yr "HTTP/1.1 200 OK"
2025-08-14 16:57:10,257 INFO HTTP Request: GET https://api.replicate.com/v1/predictions/05y8ag8cwdrma0crn199y085yr "HTTP/1.1 200 OK"
2025-08-14 16:57:11,070 INFO HTTP Request: GET https://api.replicate.com/v1/predictions/05y8ag8cwdrma0crn199y085yr "HTTP/1.1 200 OK"
2025-08-14 16:57:11,870 INFO HTTP Request: GET https://api.replicate.com/v1/predictions/05y8ag8cwdrma0crn199y085yr "HTTP/1.1 200 OK"
2025-08-14 16:57:12,827 INFO HTTP Request: GET https://api.replicate.com/v1/predictions/05y8ag8cwdrma0crn199y085yr "HTTP/1.1 200 OK"
2025-08-14 16:57:13,990 INFO HTTP Request: GET https://api.replicate.com/v1/predictions/05y8ag8cwdrma0crn199y085yr "HTTP/1.1 200 OK"
2025-08-14 16:57:14,757 INFO HTTP Request: GET https://api.replicate.com/v1/predictions/05y8ag8cwdrma0crn199y085yr "HTTP/1.1 200 OK"
2025-08-14 16:57:15,528 INFO HTTP Request: GET https://api.replicate.com/v1/predictions/05y8ag8cwdrma0crn199y085yr "HTTP/1.1 200 OK"
2025-08-14 16:57:16,289 INFO HTTP Request: GET https://api.replicate.com/v1/predictions/05y8ag8cwdrma0crn199y085yr "HTTP/1.1 200 OK"
2025-08-14 16:57:17,061 INFO HTTP Request: GET https://api.replicate.com/v1/predictions/05y8ag8cwdrma0crn199y085yr "HTTP/1.1 200 OK"
2025-08-14 16:57:17,841 INFO HTTP Request: GET https://api.replicate.com/v1/predictions/05y8ag8cwdrma0crn199y085yr "HTTP/1.1 200 OK"
2025-08-14 16:57:18,596 INFO HTTP Request: GET https://api.replicate.com/v1/predictions/05y8ag8cwdrma0crn199y085yr "HTTP/1.1 200 OK"
2025-08-14 16:57:19,375 INFO HTTP Request: GET https://api.replicate.com/v1/predictions/05y8ag8cwdrma0crn199y085yr "HTTP/1.1 200 OK"
2025-08-14 16:57:20,143 INFO HTTP Request: GET https://api.replicate.com/v1/predictions/05y8ag8cwdrma0crn199y085yr "HTTP/1.1 200 OK"
2025-08-14 16:57:20,905 INFO HTTP Request: GET https://api.replicate.com/v1/predictions/05y8ag8cwdrma0crn199y085yr "HTTP/1.1 200 OK"
2025-08-14 16:57:21,671 INFO HTTP Request: GET https://api.replicate.com/v1/predictions/05y8ag8cwdrma0crn199y085yr "HTTP/1.1 200 OK"
2025-08-14 16:57:22,437 INFO HTTP Request: GET https://api.replicate.com/v1/predictions/05y8ag8cwdrma0crn199y085yr "HTTP/1.1 200 OK"
2025-08-14 16:57:23,203 INFO HTTP Request: GET https://api.replicate.com/v1/predictions/05y8ag8cwdrma0crn199y085yr "HTTP/1.1 200 OK"
2025-08-14 16:57:23,977 INFO HTTP Request: GET https://api.replicate.com/v1/predictions/05y8ag8cwdrma0crn199y085yr "HTTP/1.1 200 OK"
2025-08-14 16:57:24,772 INFO HTTP Request: GET https://api.replicate.com/v1/predictions/05y8ag8cwdrma0crn199y085yr "HTTP/1.1 200 OK"
2025-08-14 16:57:25,570 INFO HTTP Request: GET https://api.replicate.com/v1/predictions/05y8ag8cwdrma0crn199y085yr "HTTP/1.1 200 OK"
2025-08-14 16:57:26,334 INFO HTTP Request: GET https://api.replicate.com/v1/predictions/05y8ag8cwdrma0crn199y085yr "HTTP/1.1 200 OK"
2025-08-14 16:57:27,104 INFO HTTP Request: GET https://api.replicate.com/v1/predictions/05y8ag8cwdrma0crn199y085yr "HTTP/1.1 200 OK"
2025-08-14 16:57:27,900 INFO HTTP Request: GET https://api.replicate.com/v1/predictions/05y8ag8cwdrma0crn199y085yr "HTTP/1.1 200 OK"
2025-08-14 16:57:28,689 INFO HTTP Request: GET https://api.replicate.com/v1/predictions/05y8ag8cwdrma0crn199y085yr "HTTP/1.1 200 OK"
2025-08-14 16:57:29,459 INFO HTTP Request: GET https://api.replicate.com/v1/predictions/05y8ag8cwdrma0crn199y085yr "HTTP/1.1 200 OK"
2025-08-14 16:57:30,772 INFO HTTP Request: GET https://api.replicate.com/v1/predictions/05y8ag8cwdrma0crn199y085yr "HTTP/1.1 200 OK"
2025-08-14 16:57:31,579 INFO HTTP Request: GET https://api.replicate.com/v1/predictions/05y8ag8cwdrma0crn199y085yr "HTTP/1.1 200 OK"
2025-08-14 16:57:32,390 INFO HTTP Request: GET https://api.replicate.com/v1/predictions/05y8ag8cwdrma0crn199y085yr "HTTP/1.1 200 OK"
2025-08-14 16:57:33,213 INFO HTTP Request: GET https://api.replicate.com/v1/predictions/05y8ag8cwdrma0crn199y085yr "HTTP/1.1 200 OK"
2025-08-14 16:57:34,032 INFO HTTP Request: GET https://api.replicate.com/v1/predictions/05y8ag8cwdrma0crn199y085yr "HTTP/1.1 200 OK"
2025-08-14 16:57:34,034 INFO Replicate run finished in 251.97 seconds
2025-08-14 16:57:34,034 INFO Downloading generated video https://replicate.delivery/xezq/VbtzXN338DJVHhAtAtWY7LknsX35aZs6JWHboye9Dufoo3KVA/tmpyivkkwpl.mp4 -> C:\Users\Admin\Documents\chatbot\generated_videos\4da5666f782d4d4da5e4a7f2f6114550.mp4
2025-08-14 16:57:34,235 INFO 127.0.0.1 - - [14/Aug/2025 16:57:34] "POST /api/session HTTP/1.1" 200 -
2025-08-14 16:57:37,076 INFO Saved generation to cache for prompt: a calm forest with falling leaves and soft sunlight, 6s — context: user: a calm forest with falling leaves and soft sunlight, 6s -> C:\Users\Admin\Documents\chatbot\generated_videos\4da5666f782d4d4da5e4a7f2f6114550.mp4
2025-08-14 16:57:37,141 INFO 127.0.0.1 - - [14/Aug/2025 16:57:37] "POST /api/generate-video HTTP/1.1" 200 -
2025-08-14 16:57:43,855 INFO 127.0.0.1 - - [14/Aug/2025 16:57:43] "OPTIONS /api/generate-video HTTP/1.1" 200 -
2025-08-14 16:57:44,192 INFO Cache hit for prompt: bear roaming around house — context: user: bear roaming around house -> C:\Users\Admin\Documents\chatbot\generated_videos\2e8b81486d0d43d3a23c4b241b2620c8.mp4
2025-08-14 16:57:44,217 INFO 127.0.0.1 - - [14/Aug/2025 16:57:44] "POST /api/generate-video HTTP/1.1" 200 -
2025-08-14 16:59:27,230 INFO 127.0.0.1 - - [14/Aug/2025 16:59:27] "POST /api/session HTTP/1.1" 200 -
2025-08-14 17:00:53,248 INFO 127.0.0.1 - - [14/Aug/2025 17:00:53] "POST /api/session HTTP/1.1" 200 -
